// Jest Snapshot v1, https://goo.gl/fbAQLP

exports[`OrganizationAccounts should render correct structure 1`] = `
<DocumentFragment>
  <div
    data-test-accounts="true"
  >
    <div
      class="organizationAccount"
    >
      <div
        class="row"
      >
        <div
          class="col-xs-3"
        >
          <div
            class="kvRoot"
          >
            <div
              class="kvLabel"
            >
              ui-organizations.accounts.name
            </div>
            <div
              class="kvValue"
              data-test-kv-value="true"
            >
              Amazon V
            </div>
          </div>
        </div>
        <div
          class="col-xs-3"
        >
          <div
            class="kvRoot"
          >
            <div
              class="kvLabel"
            >
              ui-organizations.accounts.accountNumber
            </div>
            <div
              class="kvValue"
              data-test-kv-value="true"
            >
              A34sA
            </div>
          </div>
        </div>
        <div
          class="col-xs-3"
        >
          <div
            class="kvRoot"
          >
            <div
              class="kvLabel"
            >
              ui-organizations.accounts.description
            </div>
            <div
              class="kvValue"
              data-test-kv-value="true"
            >
              Use to buy
            </div>
          </div>
        </div>
        <div
          class="col-xs-3"
        >
          <div
            class="kvRoot"
          >
            <div
              class="kvLabel"
            >
              ui-organizations.accounts.payable
            </div>
            <div
              class="kvValue"
              data-test-kv-value="true"
            >
              12567
            </div>
          </div>
        </div>
        <div
          class="col-xs-3"
          data-test-payment-method="true"
        >
          <div
            class="kvRoot"
          >
            <div
              class="kvLabel"
            >
              ui-organizations.accounts.paymentMethod
            </div>
            <div
              class="kvValue"
              data-test-kv-value="true"
            >
              stripes-acq-components.paymentMethod.cash
            </div>
          </div>
        </div>
        <div
          class="col-xs-3"
        >
          <div
            class="kvRoot"
          >
            <div
              class="kvLabel"
            >
              ui-organizations.accounts.account.contactInfo
            </div>
            <div
              class="kvValue"
              data-test-kv-value="true"
            >
              Max M
            </div>
          </div>
        </div>
        <div
          class="col-xs-3"
        >
          <div
            class="kvRoot"
          >
            <div
              class="kvLabel"
            >
              ui-organizations.accounts.libraryCode
            </div>
            <div
              class="kvValue"
              data-test-kv-value="true"
            >
              CDA
            </div>
          </div>
        </div>
        <div
          class="col-xs-3"
        >
          <div
            class="kvRoot"
          >
            <div
              class="kvLabel"
            >
              ui-organizations.accounts.libraryEDICode
            </div>
            <div
              class="kvValue"
              data-test-kv-value="true"
            >
              ECDA
            </div>
          </div>
        </div>
        <div
          class="col-xs-3"
        >
          <div
            class="kvRoot"
          >
            <div
              class="kvLabel"
            >
              ui-organizations.accounts.notes
            </div>
            <div
              class="kvValue"
              data-test-kv-value="true"
            >
              Default account
            </div>
          </div>
        </div>
        <div
          class="col-xs-3"
          data-test-account-acq-units="true"
        >
          <div
            class="kvRoot"
            data-testid="acqUnits"
          >
            <div
              class="kvLabel"
            >
              stripes-acq-components.label.acqUnits
            </div>
            <div
              class="kvValue"
              data-test-kv-value="true"
            >
              <span>
                NoValue
              </span>
            </div>
          </div>
        </div>
      </div>
    </div>
  </div>
</DocumentFragment>
`;
