// Jest Snapshot v1, https://goo.gl/fbAQLP

exports[`OrganizationInterfacesForm should render correct structure 1`] = `
<DocumentFragment>
  <form>
    <div
      class="row"
    >
      <div
        class="col-xs-12"
      >
        <div
          aria-live="assertive"
          aria-relevant="additions"
          class="sr-only"
          tabindex="-1"
        />
        <div
          aria-rowcount="2"
          class="mclContainer"
          data-total-count="0"
          id="interface-list"
          role="grid"
          style="position: relative; overflow: hidden; height: auto; width: 100%;"
          tabindex="0"
        >
          <div
            class="mclHeaderContainer"
          >
            <div
              aria-rowindex="1"
              class="mclHeaderRow"
              role="row"
              style="display: flex;"
            >
              <div
                aria-sort="none"
                class="mclHeader"
                id="list-column-interfacename"
                role="columnheader"
                style="flex: 0 0 auto;"
              >
                ui-organizations.interface.name
              </div>
              <div
                aria-sort="none"
                class="mclHeader"
                id="list-column-interfaceurl"
                role="columnheader"
                style="flex: 0 0 auto;"
              >
                ui-organizations.interface.url
              </div>
              <div
                aria-sort="none"
                class="mclHeader"
                id="list-column-unassigninterface"
                role="columnheader"
                style="flex: 0 0 auto;"
              />
            </div>
          </div>
          <div
            class="mclScrollable"
            style="position: static; width: 100%;"
          >
            <div
              class="mclRowContainer"
              role="rowgroup"
              style="position: static;"
            >
              <div
                aria-rowindex="2"
                class="mclRowFormatterContainer"
                data-row-index="row-0"
                role="row"
                style="position: static;"
              >
                <a
                  aria-label=""
                  class="mclRow mclIsOdd mclIsInteractive alignLastColToEnd"
                  data-row-inner="0"
                  href="/organizations/interface/793b9d42-ae12-41d7-a36a-f33e5b9e82c5/view"
                  style="min-width: 0px;"
                  tabindex="0"
                >
                  <div
                    class="mclCell  mclCellStyle"
                    role="gridcell"
                  >
                    GOBI
                  </div>
                  <div
                    class="mclCell  mclCellStyle"
                    role="gridcell"
                  >
                    www.gobi3.com
                  </div>
                  <div
                    class="mclCell  mclCellStyle"
                    role="gridcell"
                  >
                    <button
                      aria-label="ui-organizations.interface.button.unassign"
                      class="button fieldControl align-end"
                      data-test-unassign-interface="true"
                      type="button"
                    >
                      <span
                        class="inner"
                      >
                        <span>
                          Icon
                        </span>
                      </span>
                    </button>
                  </div>
                </a>
              </div>
              <div
                class="mclEndOfListContainer"
                data-end-of-list="1"
              >
                <div
                  class="mclCenteredContainer"
                  style="width: 100%; visibility: hidden; height: 0px; padding: 0px;"
                >
                  <div
                    class="textCentered"
                    data-test-layout="true"
                  >
                    <div
                      class="mclEndOfList"
                      data-test-layout="true"
                    >
                      <span>
                        Icon
                      </span>
                    </div>
                  </div>
                </div>
              </div>
            </div>
          </div>
        </div>
        <br />
        <span
          data-test-add-interface="true"
        >
          ui-organizations.interface.noFindInterfacePlugin
        </span>
      </div>
    </div>
  </form>
  <div />
</DocumentFragment>
`;
