// Jest Snapshot v1, https://goo.gl/fbAQLP

exports[`ViewContact should render correct structure 1`] = `
<DocumentFragment>
  <div>
    <section
      class="pane focusIndicator"
      id="view-contact"
    >
      <div
        aria-labelledby="paneHeaderview-contact-pane-title"
        class="paneHeader"
        data-test-pane-header="true"
        id="paneHeaderview-contact"
        role="region"
        tabindex="-1"
      >
        <div
          class="paneHeaderButtonsArea first"
        >
          <div
            class="paneMenu"
          >
            <button
              aria-label="stripes-components.closeItem"
              class="iconButton medium paneHeaderCloseIcon PaneHeaderIconButton paneHeaderIconButton"
              data-test-pane-header-dismiss-button="true"
              icon="times"
              type="button"
            >
              <span
                class="iconButtonInner mediumOffset PaneHeaderIconButton__inner"
                data-test-pane-header-dismiss-button="true"
              >
                <span>
                  Icon
                </span>
              </span>
            </button>
          </div>
        </div>
        <div
          class="paneHeaderCenter"
        >
          <div
            class="paneHeaderCenterInner"
            id="paneHeaderview-contact-pane-title"
          >
            <h2
              class="paneTitle"
              data-test-pane-header-title="true"
            >
              <div
                class="appIcon small icon-alignment-center"
              >
                <span
                  aria-hidden="true"
                  class="icon"
                />
              </div>
              <span
                class="paneTitleLabel"
              >
                Brownstein, Carrie
              </span>
            </h2>
          </div>
        </div>
        <div
          class="paneHeaderButtonsArea last"
        >
          <div
            class="paneMenu"
          >
            <div
              class="dropdown"
              data-pane-header-actions-dropdown="true"
            >
              <button
                aria-expanded="false"
                aria-haspopup="true"
                class="button primary marginBottom0 actionMenuToggle"
                data-test-pane-header-actions-button="true"
                type="button"
              >
                <span
                  class="inner"
                >
                  <span>
                    Icon
                  </span>
                </span>
              </button>
              <div
                style="display: none;"
              >
                <div
                  class="DropdownMenu"
                  style="left: 0px; display: block;"
                >
                  <div
                    data-test-view-contact-actions="true"
                  >
                    <a
                      class="button dropdownItem"
                      data-test-contacts-action-edit="true"
                      href="/contact/edit"
                      role="button"
                    >
                      <span>
                        Icon
                      </span>
                    </a>
                    <button
                      class="button dropdownItem"
                      data-test-contacts-action-unassign="true"
                      data-testid="unassign-contact"
                      type="button"
                    >
                      <span
                        class="inner"
                      >
                        <span>
                          Icon
                        </span>
                      </span>
                    </button>
                    <button
                      class="button dropdownItem"
                      data-test-contacts-action-delete="true"
                      data-testid="delete-contact"
                      type="button"
                    >
                      <span
                        class="inner"
                      >
                        <span>
                          Icon
                        </span>
                      </span>
                    </button>
                  </div>
                </div>
              </div>
            </div>
          </div>
        </div>
      </div>
      <div
        class="paneContent hasPadding"
        id="view-contact-content"
        tabindex="-1"
      >
        <div
          class="row"
          data-test-contact-person="true"
        >
          <div
            class="col-xs-12 col-md-8 col-md-offset-2"
          >
            <div
              class="row end-xs"
            >
              <div
                class="col-xs-12"
              >
                <button
                  class="button link bottomMargin0"
                  data-test-expand-button="true"
                  type="button"
                >
                  <span
                    class="inner"
                  >
                    <strong>
                      stripes-components.collapseAll
                    </strong>
                  </span>
                </button>
              </div>
            </div>
            <div
              id="view-contact-accordion-set"
            >
              <section
                class="accordion hasSeparator"
                data-test-accordion-section="true"
                id="contact-name"
              >
                <div
                  class="headerWrapper"
                  tabindex="-1"
                >
                  <div
                    class="header default"
                  >
                    <h3
                      class="headline size-medium margin-none font-weight-bold block"
                      data-test-headline="true"
                    >
                      <button
                        aria-controls="accordion1"
                        aria-expanded="true"
                        class="defaultCollapseButton"
                        id="accordion-toggle-button-contact-name"
                        type="button"
                      >
                        <span
                          class="headerInner"
                        >
                          <span
                            class="defaultHeaderIcon"
                          >
                            <span>
                              Icon
                            </span>
                          </span>
                          <div
                            class="labelArea"
                          >
                            ui-organizations.contactPeople.name
                          </div>
                        </span>
                      </button>
                    </h3>
                  </div>
                </div>
                <div
                  class="content-wrap expanded"
                  style="z-index: 0;"
                >
                  <div
                    aria-labelledby="accordion-toggle-button-contact-name"
                    class="content-region expanded"
                    data-test-accordion-wrapper="true"
                    id="accordion1"
                    role="region"
                  >
                    <div
                      class="row"
                    >
                      <div
                        class="col-xs-12"
                      />
                    </div>
                    <div
                      class="row"
                    >
                      <div
                        class="col-xs-3"
                      >
                        <div
                          class="kvRoot"
                        >
                          <div
                            class="kvLabel"
                          >
                            ui-organizations.contactPeople.prefix
                          </div>
                          <div
                            class="kvValue"
                            data-test-kv-value="true"
                          >
                            Ms.
                          </div>
                        </div>
                      </div>
                      <div
                        class="col-xs-3"
                      >
                        <div
                          class="kvRoot"
                        >
                          <div
                            class="kvLabel"
                          >
                            ui-organizations.contactPeople.details.lastName
                          </div>
                          <div
                            class="kvValue"
                            data-test-kv-value="true"
                          >
                            Brownstein
                          </div>
                        </div>
                      </div>
                      <div
                        class="col-xs-3"
                      >
                        <div
                          class="kvRoot"
                        >
                          <div
                            class="kvLabel"
                          >
                            ui-organizations.contactPeople.details.firstName
                          </div>
                          <div
                            class="kvValue"
                            data-test-kv-value="true"
                          >
                            Carrie
                          </div>
                        </div>
                      </div>
                      <div
                        class="col-xs-3"
                      >
                        <div
                          class="kvRoot"
                        >
                          <div
                            class="kvLabel"
                          >
                            ui-organizations.contactPeople.status
                          </div>
                          <div
                            class="kvValue"
                            data-test-kv-value="true"
                          >
                            ui-organizations.contactPeople.status.active
                          </div>
                        </div>
                      </div>
                      <div
                        class="col-xs-3"
                      >
                        <div
                          class="kvRoot"
                        >
                          <div
                            class="kvLabel"
                          >
                            ui-organizations.contactPeople.language
                          </div>
                          <div
                            class="kvValue"
                            data-test-kv-value="true"
                          >
                            English
                          </div>
                        </div>
                      </div>
                      <div
                        class="col-xs-3"
                      >
                        <div
                          class="kvRoot"
                        >
                          <div
                            class="kvLabel"
                          >
                            ui-organizations.contactPeople.categories
                          </div>
                          <div
                            class="kvValue"
                            data-test-kv-value="true"
                          >
                            Customer Service
                          </div>
                        </div>
                      </div>
                      <div
                        class="col-xs-6"
                        data-test-contact-people-note="true"
                      >
                        <div
                          class="kvRoot"
                        >
                          <div
                            class="kvLabel"
                          >
                            ui-organizations.contactPeople.note
                          </div>
                          <div
                            class="kvValue"
                            data-test-kv-value="true"
                          >
                            notes
                          </div>
                        </div>
                      </div>
                    </div>
                  </div>
                </div>
              </section>
              <section
                class="accordion hasSeparator"
                data-test-accordion-section="true"
                id="contact-emails"
              >
                <div
                  class="headerWrapper"
                  tabindex="-1"
                >
                  <div
                    class="header default"
                  >
                    <h3
                      class="headline size-medium margin-none font-weight-bold block"
                      data-test-headline="true"
                    >
                      <button
                        aria-controls="accordion2"
                        aria-expanded="true"
                        class="defaultCollapseButton"
                        id="accordion-toggle-button-contact-emails"
                        type="button"
                      >
                        <span
                          class="headerInner"
                        >
                          <span
                            class="defaultHeaderIcon"
                          >
                            <span>
                              Icon
                            </span>
                          </span>
                          <div
                            class="labelArea"
                          >
                            ui-organizations.contactPeople.emails
                          </div>
                        </span>
                      </button>
                    </h3>
                  </div>
                </div>
                <div
                  class="content-wrap expanded"
                  style="z-index: 1;"
                >
                  <div
                    aria-labelledby="accordion-toggle-button-contact-emails"
                    class="content-region expanded"
                    data-test-accordion-wrapper="true"
                    id="accordion2"
                    role="region"
                  >
                    <div
                      class="mclContainer"
                      style="position: relative; overflow: hidden; height: auto; width: 100%;"
                      tabindex="-1"
                    >
                      <div
                        aria-live="assertive"
                        aria-relevant="additions"
                        class="sr-only"
                      />
                      <div
                        aria-rowcount="2"
                        class=""
                        data-total-count="0"
                        role="grid"
                        tabindex="0"
                      >
                        <div
                          class="mclHeaderContainer"
                        >
                          <div
                            aria-rowindex="1"
                            class="mclHeaderRow"
                            role="row"
                            style="display: flex; width: 17px;"
                          >
                            <div
                              aria-sort="none"
                              class="mclHeader"
                              id="list-column-email"
                              role="columnheader"
                              style="flex: 0 0 auto;"
                            >
                              ui-organizations.contactPeople.email
                            </div>
                            <div
                              aria-sort="none"
                              class="mclHeader"
                              id="list-column-emaildescription"
                              role="columnheader"
                              style="flex: 0 0 auto;"
                            >
                              ui-organizations.contactPeople.description
                            </div>
                            <div
                              aria-sort="none"
                              class="mclHeader"
                              id="list-column-emaillanguage"
                              role="columnheader"
                              style="flex: 0 0 auto;"
                            >
                              ui-organizations.contactPeople.language
                            </div>
                            <div
                              aria-sort="none"
                              class="mclHeader"
                              id="list-column-emailcategories"
                              role="columnheader"
                              style="flex: 0 0 auto;"
                            >
                              ui-organizations.contactPeople.categories
                            </div>
                            <div
                              aria-sort="none"
                              class="mclHeader"
                              id="list-column-emailprimary"
                              role="columnheader"
                              style="flex: 0 0 auto;"
                            >
                              ui-organizations.primaryItem
                            </div>
                          </div>
                        </div>
                        <div
                          class="mclScrollable"
                          style="position: static; width: 100%;"
                          tabindex="0"
                        >
                          <div
                            class="mclRowContainer"
                            role="rowgroup"
                            style="position: static;"
                          >
                            <div
                              aria-rowindex="2"
                              class="mclRowFormatterContainer"
                              data-row-index="row-0"
                              role="row"
                              style="position: static;"
                            >
                              <div
                                class="mclRow mclIsOdd"
                                data-row-inner="0"
                                style="min-width: 0px;"
                              >
                                <div
                                  class="mclCell mclCellStyle"
                                  role="gridcell"
                                >
                                  cust.service03@amazon.com
                                </div>
                                <div
                                  class="mclCell mclCellStyle"
                                  role="gridcell"
                                >
                                  customer service
                                </div>
                                <div
                                  class="mclCell mclCellStyle"
                                  role="gridcell"
                                >
                                  English
                                </div>
                                <div
                                  class="mclCell mclCellStyle"
                                  role="gridcell"
                                >
                                  Customer Service
                                </div>
                                <div
                                  class="mclCell mclCellStyle"
                                  role="gridcell"
                                >
                                  ui-organizations.primaryItem
                                </div>
                              </div>
                            </div>
                            <div
                              class="mclEndOfListContainer"
                              data-end-of-list="1"
                            >
                              <div
                                class="mclCenteredContainer"
                                style="visibility: hidden; height: 0px; padding: 0px; width: 0px;"
                              >
                                <div
                                  class="textCentered"
                                  data-test-layout="true"
                                >
                                  <div
                                    class="mclEndOfList"
                                    data-test-layout="true"
                                  >
                                    <span>
                                      Icon
                                    </span>
                                  </div>
                                </div>
                              </div>
                            </div>
                          </div>
                        </div>
                      </div>
                    </div>
                  </div>
                </div>
              </section>
              <section
                class="accordion hasSeparator"
                data-test-accordion-section="true"
                id="contact-phones"
              >
                <div
                  class="headerWrapper"
                  tabindex="-1"
                >
                  <div
                    class="header default"
                  >
                    <h3
                      class="headline size-medium margin-none font-weight-bold block"
                      data-test-headline="true"
                    >
                      <button
                        aria-controls="accordion3"
                        aria-expanded="true"
                        class="defaultCollapseButton"
                        id="accordion-toggle-button-contact-phones"
                        type="button"
                      >
                        <span
                          class="headerInner"
                        >
                          <span
                            class="defaultHeaderIcon"
                          >
                            <span>
                              Icon
                            </span>
                          </span>
                          <div
                            class="labelArea"
                          >
                            ui-organizations.contactPeople.phoneNumbers
                          </div>
                        </span>
                      </button>
                    </h3>
                  </div>
                </div>
                <div
                  class="content-wrap expanded"
                  style="z-index: 2;"
                >
                  <div
                    aria-labelledby="accordion-toggle-button-contact-phones"
                    class="content-region expanded"
                    data-test-accordion-wrapper="true"
                    id="accordion3"
                    role="region"
                  >
                    <div
                      class="mclContainer"
                      style="position: relative; overflow: hidden; height: auto; width: 100%;"
                      tabindex="-1"
                    >
                      <div
                        aria-live="assertive"
                        aria-relevant="additions"
                        class="sr-only"
                      />
                      <div
                        aria-rowcount="2"
                        class=""
                        data-total-count="0"
                        role="grid"
                        tabindex="0"
                      >
                        <div
                          class="mclHeaderContainer"
                        >
                          <div
                            aria-rowindex="1"
                            class="mclHeaderRow"
                            role="row"
                            style="display: flex; width: 17px;"
                          >
                            <div
                              aria-sort="none"
                              class="mclHeader"
                              id="list-column-phonenumber"
                              role="columnheader"
                              style="flex: 0 0 auto;"
                            >
                              ui-organizations.contactPeople.phoneNumber
                            </div>
                            <div
                              aria-sort="none"
                              class="mclHeader"
                              id="list-column-phonetype"
                              role="columnheader"
                              style="flex: 0 0 auto;"
                            >
                              ui-organizations.contactPeople.type
                            </div>
                            <div
                              aria-sort="none"
                              class="mclHeader"
                              id="list-column-phonelanguage"
                              role="columnheader"
                              style="flex: 0 0 auto;"
                            >
                              ui-organizations.contactPeople.language
                            </div>
                            <div
                              aria-sort="none"
                              class="mclHeader"
                              id="list-column-phonecategories"
                              role="columnheader"
                              style="flex: 0 0 auto;"
                            >
                              ui-organizations.contactPeople.categories
                            </div>
                            <div
                              aria-sort="none"
                              class="mclHeader"
                              id="list-column-phoneprimary"
                              role="columnheader"
                              style="flex: 0 0 auto;"
                            >
                              ui-organizations.primaryItem
                            </div>
                          </div>
                        </div>
                        <div
                          class="mclScrollable"
                          style="position: static; width: 100%;"
                          tabindex="0"
                        >
                          <div
                            class="mclRowContainer"
                            role="rowgroup"
                            style="position: static;"
                          >
                            <div
                              aria-rowindex="2"
                              class="mclRowFormatterContainer"
                              data-row-index="row-0"
                              role="row"
                              style="position: static;"
                            >
                              <div
                                class="mclRow mclIsOdd"
                                data-row-inner="0"
                                style="min-width: 0px;"
                              >
                                <div
                                  class="mclCell mclCellStyle"
                                  role="gridcell"
                                >
                                  1-888-238-22090
                                </div>
                                <div
                                  class="mclCell mclCellStyle"
                                  role="gridcell"
                                >
                                  Mobile
                                </div>
                                <div
                                  class="mclCell mclCellStyle"
                                  role="gridcell"
                                >
                                  English
                                </div>
                                <div
                                  class="mclCell mclCellStyle"
                                  role="gridcell"
                                >
                                  Customer Service
                                </div>
                                <div
                                  class="mclCell mclCellStyle"
                                  role="gridcell"
                                >
                                  ui-organizations.primaryItem
                                </div>
                              </div>
                            </div>
                            <div
                              class="mclEndOfListContainer"
                              data-end-of-list="1"
                            >
                              <div
                                class="mclCenteredContainer"
                                style="visibility: hidden; height: 0px; padding: 0px; width: 0px;"
                              >
                                <div
                                  class="textCentered"
                                  data-test-layout="true"
                                >
                                  <div
                                    class="mclEndOfList"
                                    data-test-layout="true"
                                  >
                                    <span>
                                      Icon
                                    </span>
                                  </div>
                                </div>
                              </div>
                            </div>
                          </div>
                        </div>
                      </div>
                    </div>
                  </div>
                </div>
              </section>
              <section
                class="accordion hasSeparator"
                data-test-accordion-section="true"
                id="contact-urls"
              >
                <div
                  class="headerWrapper"
                  tabindex="-1"
                >
                  <div
                    class="header default"
                  >
                    <h3
                      class="headline size-medium margin-none font-weight-bold block"
                      data-test-headline="true"
                    >
                      <button
                        aria-controls="accordion4"
                        aria-expanded="true"
                        class="defaultCollapseButton"
                        id="accordion-toggle-button-contact-urls"
                        type="button"
                      >
                        <span
                          class="headerInner"
                        >
                          <span
                            class="defaultHeaderIcon"
                          >
                            <span>
                              Icon
                            </span>
                          </span>
                          <div
                            class="labelArea"
                          >
                            ui-organizations.contactPeople.urls
                          </div>
                        </span>
                      </button>
                    </h3>
                  </div>
                </div>
                <div
                  class="content-wrap expanded"
                  style="z-index: 3;"
                >
                  <div
                    aria-labelledby="accordion-toggle-button-contact-urls"
                    class="content-region expanded"
                    data-test-accordion-wrapper="true"
                    id="accordion4"
                    role="region"
                  >
                    <div
                      class="mclContainer"
                      style="position: relative; overflow: hidden; height: auto; width: 100%;"
                      tabindex="-1"
                    >
                      <div
                        aria-live="assertive"
                        aria-relevant="additions"
                        class="sr-only"
                      />
                      <div
                        aria-rowcount="2"
                        class=""
                        data-total-count="0"
                        role="grid"
                        tabindex="0"
                      >
                        <div
                          class="mclHeaderContainer"
                        >
                          <div
                            aria-rowindex="1"
                            class="mclHeaderRow"
                            role="row"
                            style="display: flex; width: 17px;"
                          >
                            <div
                              aria-sort="none"
                              class="mclHeader"
                              id="list-column-url"
                              role="columnheader"
                              style="flex: 0 0 auto;"
                            >
                              ui-organizations.contactPeople.name
                            </div>
                            <div
                              aria-sort="none"
                              class="mclHeader"
                              id="list-column-urldescription"
                              role="columnheader"
                              style="flex: 0 0 auto;"
                            >
                              ui-organizations.contactPeople.description
                            </div>
                            <div
                              aria-sort="none"
                              class="mclHeader"
                              id="list-column-urllanguage"
                              role="columnheader"
                              style="flex: 0 0 auto;"
                            >
                              ui-organizations.contactPeople.language
                            </div>
                            <div
                              aria-sort="none"
                              class="mclHeader"
                              id="list-column-urlcategories"
                              role="columnheader"
                              style="flex: 0 0 auto;"
                            >
                              ui-organizations.contactPeople.categories
                            </div>
                            <div
                              aria-sort="none"
                              class="mclHeader"
                              id="list-column-urlprimary"
                              role="columnheader"
                              style="flex: 0 0 auto;"
                            >
                              ui-organizations.primaryItem
                            </div>
                          </div>
                        </div>
                        <div
                          class="mclScrollable"
                          style="position: static; width: 100%;"
                        >
                          <div
                            class="mclRowContainer"
                            role="rowgroup"
                            style="position: static;"
                          >
                            <div
                              aria-rowindex="2"
                              class="mclRowFormatterContainer"
                              data-row-index="row-0"
                              role="row"
                              style="position: static;"
                            >
                              <div
                                class="mclRow mclIsOdd"
                                data-row-inner="0"
                                style="min-width: 0px;"
                              >
                                <div
                                  class="mclCell mclCellStyle"
                                  role="gridcell"
                                >
                                  <a
                                    class="root"
                                    data-test-text-link="true"
                                    href="https://www.amazon.com"
                                    rel="noopener noreferrer"
                                    target="_blank"
                                  >
                                    https://www.amazon.com
                                  </a>
                                </div>
                                <div
                                  class="mclCell mclCellStyle"
                                  role="gridcell"
                                >
                                  main website
                                </div>
                                <div
                                  class="mclCell mclCellStyle"
                                  role="gridcell"
                                >
                                  en-us
                                </div>
                                <div
                                  class="mclCell mclCellStyle"
                                  role="gridcell"
                                >
                                  Customer Service
                                </div>
                                <div
                                  class="mclCell mclCellStyle"
                                  role="gridcell"
                                >
                                  ui-organizations.primaryItem
                                </div>
                              </div>
                            </div>
                            <div
                              class="mclEndOfListContainer"
                              data-end-of-list="1"
                            >
                              <div
                                class="mclCenteredContainer"
                                style="visibility: hidden; height: 0px; padding: 0px; width: 0px;"
                              >
                                <div
                                  class="textCentered"
                                  data-test-layout="true"
                                >
                                  <div
                                    class="mclEndOfList"
                                    data-test-layout="true"
                                  >
                                    <span>
                                      Icon
                                    </span>
                                  </div>
                                </div>
                              </div>
                            </div>
                          </div>
                        </div>
                      </div>
                    </div>
                  </div>
                </div>
              </section>
              <section
                class="accordion hasSeparator"
                data-test-accordion-section="true"
                id="contact-addresses"
              >
                <div
                  class="headerWrapper"
                  tabindex="-1"
                >
                  <div
                    class="header default"
                  >
                    <h3
                      class="headline size-medium margin-none font-weight-bold block"
                      data-test-headline="true"
                    >
                      <button
                        aria-controls="accordion5"
                        aria-expanded="true"
                        class="defaultCollapseButton"
                        id="accordion-toggle-button-contact-addresses"
                        type="button"
                      >
                        <span
                          class="headerInner"
                        >
                          <span
                            class="defaultHeaderIcon"
                          >
                            <span>
                              Icon
                            </span>
                          </span>
                          <div
                            class="labelArea"
                          >
                            ui-organizations.contactPeople.addresses
                          </div>
                        </span>
                      </button>
                    </h3>
                  </div>
                </div>
                <div
                  class="content-wrap expanded"
                  style="z-index: 4;"
                >
                  <div
                    aria-labelledby="accordion-toggle-button-contact-addresses"
                    class="content-region expanded"
                    data-test-accordion-wrapper="true"
                    id="accordion5"
                    role="region"
                  >
                    <div
                      class="row"
                    >
                      <div
                        class="col-xs-12"
                      >
                        <div
                          aria-label="[object Object]"
                          class="addressItem"
                          role="tabpanel"
                          tabindex="0"
                        >
                          <div
                            class="sectionHeader"
                          >
                            <div>
                              <h4
                                style="margin: 0px;"
                              >
                                stripes-smart-components.address.primary
                              </h4>
                            </div>
                            <div
                              class="sectionActions"
                            >
                              <span>
                                 
                              </span>
                            </div>
                          </div>
                          <div
                            class="addressItemContent"
                          >
                            <div
                              class="row"
                            >
                              <div
                                class="col-xs-3"
                              >
                                <div
                                  class="kvRoot"
                                >
                                  <div
                                    class="kvLabel"
                                  >
                                    ui-organizations.contactPeople.addressLine1
                                  </div>
                                  <div
                                    class="kvValue"
                                    data-test-kv-value="true"
                                  >
                                    1 Centerpiece Blvd.
                                  </div>
                                </div>
                              </div>
                              <div
                                class="col-xs-3"
                              >
                                <div
                                  class="kvRoot"
                                >
                                  <div
                                    class="kvLabel"
                                  >
                                    ui-organizations.contactPeople.addressLine2
                                  </div>
                                  <div
                                    class="kvValue"
                                    data-test-kv-value="true"
                                  >
                                    P.O. Box 15550
                                  </div>
                                </div>
                              </div>
                              <div
                                class="col-xs-3"
                              >
                                <div
                                  class="kvRoot"
                                >
                                  <div
                                    class="kvLabel"
                                  >
                                    ui-organizations.contactPeople.city
                                  </div>
                                  <div
                                    class="kvValue"
                                    data-test-kv-value="true"
                                  >
                                    New Castle
                                  </div>
                                </div>
                              </div>
                              <div
                                class="col-xs-3"
                              >
                                <div
                                  class="kvRoot"
                                >
                                  <div
                                    class="kvLabel"
                                  >
                                    ui-organizations.contactPeople.stateRegion
                                  </div>
                                  <div
                                    class="kvValue"
                                    data-test-kv-value="true"
                                  >
                                    DE
                                  </div>
                                </div>
                              </div>
                            </div>
                            <div
                              class="row"
                            >
                              <div
                                class="col-xs-3"
                              >
                                <div
                                  class="kvRoot"
                                >
                                  <div
                                    class="kvLabel"
                                  >
                                    ui-organizations.contactPeople.zipCode
                                  </div>
                                  <div
                                    class="kvValue"
                                    data-test-kv-value="true"
                                  >
                                    19720-5550
                                  </div>
                                </div>
                              </div>
                              <div
                                class="col-xs-3"
                              >
                                <div
                                  class="kvRoot"
                                >
                                  <div
                                    class="kvLabel"
                                  >
                                    ui-organizations.contactPeople.country
                                  </div>
                                  <div
                                    class="kvValue"
                                    data-test-kv-value="true"
                                  >
                                    stripes-components.countries.US
                                  </div>
                                </div>
                              </div>
                              <div
                                class="col-xs-3"
                              >
                                <div
                                  class="kvRoot"
                                >
                                  <div
                                    class="kvLabel"
                                  >
                                    ui-organizations.contactPeople.language
                                  </div>
                                  <div
                                    class="kvValue"
                                    data-test-kv-value="true"
                                  >
                                    English
                                  </div>
                                </div>
                              </div>
                              <div
                                class="col-xs-3"
                              >
                                <div
                                  class="kvRoot"
                                >
                                  <div
                                    class="kvLabel"
                                  >
                                    ui-organizations.contactPeople.categories
                                  </div>
                                  <div
                                    class="kvValue"
                                    data-test-kv-value="true"
                                  >
                                    Customer Service
                                  </div>
                                </div>
                              </div>
                            </div>
                          </div>
                        </div>
                      </div>
                    </div>
                  </div>
                </div>
              </section>
            </div>
          </div>
        </div>
      </div>
    </section>
  </div>
</DocumentFragment>
`;
