// Jest Snapshot v1, https://goo.gl/fbAQLP

exports[`OrganizationSummaryForm should render correct structure 1`] = `
<DocumentFragment>
  <form>
    <div
      class="row"
    >
      <div
        class="col-xs-6 col-md-3"
      >
        <div
          class="textField"
        >
          <label
            class="label"
            for="name"
          >
            ui-organizations.summary.name
            <span
              aria-hidden="true"
              class="asterisk"
            >
              *
            </span>
          </label>
          <div
            class="formControl inputGroup"
          >
            <input
              aria-invalid="false"
              aria-required="true"
              autocapitalize="off"
              autocomplete="off"
              autocorrect="off"
              error=""
              id="name"
              name="name"
              required=""
              spellcheck="false"
              type="text"
              value="Amazon.com"
              warning=""
            />
          </div>
          <div
            role="alert"
          />
        </div>
      </div>
      <div
        class="col-xs-6 col-md-3"
      >
        <div
          class="textField"
        >
          <label
            class="label"
            for="text-input-1"
          >
            ui-organizations.summary.code
            <span
              aria-hidden="true"
              class="asterisk"
            >
              *
            </span>
          </label>
          <div
            class="formControl inputGroup"
          >
            <input
              aria-invalid="false"
              aria-required="true"
              autocapitalize="off"
              autocomplete="off"
              autocorrect="off"
              error=""
              id="text-input-1"
              name="code"
              required=""
              spellcheck="false"
              type="text"
              value="AMAZ"
              warning=""
            />
          </div>
          <div
            role="alert"
          />
        </div>
      </div>
      <div
        class="col-xs-6 col-md-3"
      >
        <div
          class="textField"
        >
          <label
            class="label"
            for="text-input-2"
          >
            ui-organizations.summary.accountingCode
          </label>
          <div
            class="formControl inputGroup"
          >
            <input
              aria-invalid="false"
              autocapitalize="off"
              autocomplete="off"
              autocorrect="off"
              error=""
              id="text-input-2"
              name="erpCode"
              spellcheck="false"
              type="text"
              value="G64758-74834"
              warning=""
            />
          </div>
          <div
            role="alert"
          />
        </div>
      </div>
      <div
        class="col-xs-6 col-md-3"
      >
        <div
          class="select inputGroup fullWidth"
        >
          <label
            class="label"
            for="select-3"
            id="select-3-label"
          >
            ui-organizations.summary.organizationStatus
            <span
              aria-hidden="true"
              class="asterisk"
            >
              *
            </span>
          </label>
          <div
            class="selectWrap"
          >
            <select
              aria-invalid="false"
              aria-labelledby="select-3-label"
              aria-required="true"
              class="selectControl formControl"
              id="select-3"
              name="status"
              required=""
            >
              <option
                disabled=""
                value=""
              >
                 
              </option>
              <option
                value="Active"
              >
                ui-organizations.organizationStatus.active
              </option>
              <option
                value="Inactive"
              >
                ui-organizations.organizationStatus.inactive
              </option>
              <option
                value="Pending"
              >
                ui-organizations.organizationStatus.pending
              </option>
            </select>
            <span>
              Icon
            </span>
          </div>
          <div
            role="alert"
          />
        </div>
      </div>
      <div
        class="col-xs-6 col-md-3"
      >
        <div
          aria-expanded="false"
          class="multiSelectContainer"
          id="organizations-type"
          role="application"
        >
          <div
            aria-live="assertive"
            aria-relevant="additions"
            class="sr-only"
          />
          <label
            class="label"
            for="organizations-type-input"
            id="organizations-type-label"
          >
            ui-organizations.summary.type
          </label>
          <span
            class="sr-only"
            id="multi-value-status-organizations-type"
          >
            1 item selected
          </span>
          <span
            class="sr-only"
            id="multi-describe-control-organizations-type"
          >
            stripes-components.multiSelection.controlDescription
          </span>
          <div
            class="multiSelectControlWrapper"
          >
            <div
              aria-describedby="multi-describe-control-organizations-type"
              aria-labelledby="organizations-type-label multi-value-status-organizations-type"
              class="multiSelectControl formControl"
              role="searchbox"
              tabindex="0"
            >
              <div
                class="multiSelectControlGroup"
              >
                <div
                  class="multiSelectValueListContainer"
                  id="multi-values-list-organizations-type"
                >
                  <span
                    class="sr-only"
                    id="multi-value-organizations-type"
                  >
                    stripes-components.multiSelection.removeSelectedButtonLabel
                  </span>
                  <span
                    class="sr-only"
                    id="multi-describe-action-organizations-type"
                  >
                    stripes-components.multiSelection.removeSelectedButtonDescription
                  </span>
                  <ul
                    class="multiSelectValueList"
                  >
                    <li
                      class="valueChipRoot"
                      id="e7e9af00-c12c-448f-8ad1-d15ff209605a-0_multiselect_selected"
                    >
                      <div
                        class="valueChipGroup"
                      >
                        <div
                          class="valueChipValue"
                          id="e7e9af00-c12c-448f-8ad1-d15ff209605a-0_multiselect_selected_label"
                        >
                          Book trade
                        </div>
                        <button
                          aria-describedby="multi-describe-action-organizations-type"
                          aria-label="times"
                          aria-labelledby="e7e9af00-c12c-448f-8ad1-d15ff209605a-0_multiselect_selected_label multi-value-organizations-type"
                          class="iconButton small"
                          icon="times"
                          index="0"
                          style="padding: 0px;"
                          type="button"
                        >
                          <span
                            aria-describedby="multi-describe-action-organizations-type"
                            class="iconButtonInner smallOffset"
                            index="0"
                          >
                            <span>
                              Icon
                            </span>
                          </span>
                        </button>
                      </div>
                    </li>
                  </ul>
                </div>
                <input
                  aria-activedescendant=""
                  aria-autocomplete="list"
                  aria-controls="multiselect-option-list-organizations-type"
                  aria-expanded="false"
                  aria-labelledby="organizationFormTypesLabel"
                  autocomplete="off"
                  class="multiSelectFilterField"
                  id="organizations-type-input"
                  placeholder=""
                  role="combobox"
                  type="text"
                  value=""
                />
                <input
                  aria-hidden="true"
                  class="multiSelectValueInput"
                  id="multiselect-input-organizations-type"
                  tabindex="-1"
                  value="e7e9af00-c12c-448f-8ad1-d15ff209605a"
                />
              </div>
              <button
                aria-controls="multiselect-option-list-organizations-type"
                aria-expanded="false"
                aria-label="stripes-components.multiSelection.dropdownTriggerLabel"
                class="multiSelectToggleButton"
                id="downshift-:r1:-toggle-button"
                tabindex="-1"
                type="button"
              >
                <div
                  class="textFieldIcon"
                >
                  <span>
                    Icon
                  </span>
                </div>
              </button>
            </div>
            <div
              class="multiSelectMenu"
              hidden=""
              style="width: 100px;"
            >
              <div
                class="multiSelectFeedback"
                role="alert"
              />
              <ul
                aria-labelledby="organizations-type-label"
                class="multiSelectOptionList"
                id="multiselect-option-list-organizations-type"
                role="listbox"
                style="max-height: 168px;"
              >
                <li
                  aria-disabled="false"
                  aria-selected="false"
                  class="multiSelectOption optionCursor"
                  id="downshift-:r1:-item-0"
                  role="option"
                >
                  Auction house
                  <div>
                    +
                  </div>
                </li>
              </ul>
            </div>
          </div>
          <div
            role="alert"
          />
        </div>
      </div>
      <div
        class="col-xs-6 col-md-3"
      >
        <div>
          <label
            class="label"
            for="downshift-:r3:-input"
            id="sl-label-selection-:r2:"
          >
            ui-organizations.summary.defaultLanguage
          </label>
          <div
            class="selectionControlContainer"
          >
            <div
              class="inputGroup"
            >
              <button
                aria-controls="downshift-:r3:-menu"
                aria-expanded="false"
                aria-labelledby="sl-label-selection-:r2: selected-selection-:r2:-item"
                class="selectionControl formControl"
                id="selection-:r2:"
                name="language"
                type="button"
              >
                <span
                  class="sr-only"
                >
                  stripes-components.selection.controlLabel
                </span>
                <div
                  class="singleValue"
                  id="selected-selection-:r2:-item"
                />
              </button>
              <div
                class="selectionEndControls"
              >
                <div
                  class="textFieldIcon"
                >
                  <span>
                    Icon
                  </span>
                </div>
              </div>
            </div>
            <div
              role="alert"
            />
          </div>
          <div
            class="overlay"
            hidden=""
          >
            <div
              class="selectionListRoot"
              id="sl-container-selection-:r2:"
            >
              <div
                class="selectionFilterContainer"
              >
                <input
                  aria-activedescendant=""
                  aria-autocomplete="list"
                  aria-controls="downshift-:r3:-menu"
                  aria-expanded="false"
                  aria-label="stripes-components.selection.filterOptionsLabel"
                  aria-labelledby="downshift-:r3:-label"
                  autocomplete="off"
                  class="selectionFilter"
                  id="downshift-:r3:-input"
                  placeholder="stripes-components.selection.filterOptionsPlaceholder"
                  role="combobox"
                  type="text"
                  value=""
                />
              </div>
              <ul
                aria-labelledby="sl-label-selection-:r2:"
                class="selectionList"
                id="downshift-:r3:-menu"
                role="listbox"
                style="max-height: 174px;"
                tabindex="-1"
              />
            </div>
          </div>
        </div>
      </div>
      <div
        class="col-xs-6 col-md-3"
      >
        <div
          aria-expanded="false"
          class="multiSelectContainer"
          id="org-acq-units"
          role="application"
        >
          <div
            aria-live="assertive"
            aria-relevant="additions"
            class="sr-only"
          />
          <label
            class="label"
            for="org-acq-units-input"
            id="org-acq-units-label"
          >
            stripes-acq-components.label.acqUnits
          </label>
          <span
            class="sr-only"
            id="multi-value-status-org-acq-units"
          >
            0 items selected
          </span>
          <span
            class="sr-only"
            id="multi-describe-control-org-acq-units"
          >
            stripes-components.multiSelection.controlDescription
          </span>
          <div
            class="multiSelectControlWrapper"
          >
            <div
              aria-describedby="multi-describe-control-org-acq-units"
              aria-labelledby="org-acq-units-label multi-value-status-org-acq-units"
              class="multiSelectControl formControl"
              role="searchbox"
              tabindex="0"
            >
              <div
                class="multiSelectControlGroup"
              >
                <input
                  aria-activedescendant=""
                  aria-autocomplete="list"
                  aria-controls="multiselect-option-list-org-acq-units"
                  aria-expanded="false"
                  aria-labelledby="org-acq-units-label"
                  autocomplete="off"
                  class="multiSelectFilterField"
                  id="org-acq-units-input"
                  role="combobox"
                  type="text"
                  value=""
                />
                <input
                  aria-hidden="true"
                  class="multiSelectValueInput"
                  id="multiselect-input-org-acq-units"
                  tabindex="-1"
                  value=""
                />
              </div>
              <button
                aria-controls="multiselect-option-list-org-acq-units"
                aria-expanded="false"
                aria-label="stripes-components.multiSelection.dropdownTriggerLabel"
                class="multiSelectToggleButton"
                id="downshift-:r5:-toggle-button"
                tabindex="-1"
                type="button"
              >
                <div
                  class="textFieldIcon"
                >
                  <span>
                    Icon
                  </span>
                </div>
              </button>
            </div>
            <div
              class="multiSelectMenu"
              hidden=""
              style="width: 100px;"
            >
              <div
                class="multiSelectFeedback"
                role="alert"
              >
                <div
                  class="multiSelectEmptyMessage"
                >
                  stripes-components.multiSelection.defaultEmptyMessage
                </div>
              </div>
              <ul
                aria-labelledby="org-acq-units-label"
                class="multiSelectOptionList"
                id="multiselect-option-list-org-acq-units"
                role="listbox"
                style="max-height: 168px;"
              />
            </div>
          </div>
          <div
            role="alert"
          />
        </div>
      </div>
      <div
        class="col-xs-6 col-md-3"
      >
        <div
          class="textArea"
        >
          <label
            class="label"
            for="textarea-input-4"
          >
            ui-organizations.summary.description
          </label>
          <div
            class="inputGroup"
          >
            <textarea
              aria-invalid="false"
              class="formControl"
              id="textarea-input-4"
              name="description"
            >
              Use for rush orders, replacement requests, and second hand market
            </textarea>
            <div
              role="alert"
            />
          </div>
        </div>
      </div>
      <div
        class="col-xs-6 col-md-3"
      >
        <div
          class="checkbox inline vertical"
          data-test-checkbox="true"
        >
          <label
            class="label label checkboxInteractionStylesControl"
            for="checkbox-5"
          >
            <span
              class="labelText"
            >
              ui-organizations.summary.isDonor
            </span>
            <span
              class="inner checkboxInteractionStyles"
            >
              <input
                aria-invalid="false"
                class="input"
                id="checkbox-5"
                name="isDonor"
                type="checkbox"
                value=""
              />
              <span
                class="checkboxIcon"
              >
                <svg
                  height="10"
                  viewBox="0 0 14 14"
                  width="10"
                  xmlns="http://www.w3.org/2000/svg"
                >
                  <path
                    d="M10.395 4.617L5.63 9.383 3.605 7.358"
                    fill="none"
                    stroke-linecap="round"
                    stroke-linejoin="round"
                    stroke-miterlimit="10"
                    stroke-width="1.5"
                  />
                </svg>
              </span>
            </span>
          </label>
          <div
            role="alert"
          />
        </div>
      </div>
      <div
        class="col-xs-6 col-md-3"
      >
        <div
          class="checkbox inline vertical"
          data-test-checkbox="true"
        >
          <label
            class="label label checkboxInteractionStylesControl"
            for="checkbox-6"
          >
            <span
              class="labelText"
            >
              ui-organizations.summary.isVendor
            </span>
            <span
              class="inner checkboxInteractionStyles"
            >
              <input
                aria-invalid="false"
                checked=""
                class="input"
                id="checkbox-6"
                name="isVendor"
                type="checkbox"
                value=""
              />
              <span
                class="checkboxIcon"
              >
                <svg
                  height="10"
                  viewBox="0 0 14 14"
                  width="10"
                  xmlns="http://www.w3.org/2000/svg"
                >
                  <path
                    d="M10.395 4.617L5.63 9.383 3.605 7.358"
                    fill="none"
                    stroke-linecap="round"
                    stroke-linejoin="round"
                    stroke-miterlimit="10"
                    stroke-width="1.5"
                  />
                </svg>
              </span>
            </span>
          </label>
          <div
            role="alert"
          />
        </div>
      </div>
      <div
        class="col-xs-6"
      >
        <fieldset
          class="repeatableField hasMargin"
          data-test-repeatable-field="true"
          id="aliases"
          tabindex="-1"
        >
          <legend
            class="headline size-medium margin-medium font-weight-bold"
            data-test-headline="true"
            data-test-repeatable-field-legend="true"
          >
            ui-organizations.summary.alternativeNames
          </legend>
          <ul
            class="repeatableFieldList"
            data-test-repeatable-field-list="true"
          >
            <li
              class="repeatableFieldItem"
              data-test-repeatable-field-list-item="true"
            >
              <div
                class="repeatableFieldItemContent"
              >
                <div
                  class="row"
                >
                  <div
                    class="col-xs"
                    data-test-alias="true"
                  >
                    <div
                      class="textField"
                    >
                      <label
                        class="label"
                        for="text-input-7"
                      >
                        ui-organizations.summary.alias
                        <span
                          aria-hidden="true"
                          class="asterisk"
                        >
                          *
                        </span>
                      </label>
                      <div
                        class="formControl inputGroup"
                      >
                        <input
                          aria-invalid="false"
                          aria-required="true"
                          autocapitalize="off"
                          autocomplete="off"
                          autocorrect="off"
                          error=""
                          id="text-input-7"
                          name="aliases[0].value"
                          required=""
                          spellcheck="false"
                          type="text"
                          value="Amazon"
                          warning=""
                        />
                      </div>
                      <div
                        role="alert"
                      />
                    </div>
                  </div>
                  <div
                    class="col-xs"
                  >
                    <div
                      class="textField"
                    >
                      <label
                        class="label"
                        for="text-input-8"
                      >
                        ui-organizations.summary.description
                      </label>
                      <div
                        class="formControl inputGroup"
                      >
                        <input
                          aria-invalid="false"
                          autocapitalize="off"
                          autocomplete="off"
                          autocorrect="off"
                          error=""
                          id="text-input-8"
                          name="aliases[0].description"
                          spellcheck="false"
                          type="text"
                          value=""
                          warning=""
                        />
                      </div>
                      <div
                        role="alert"
                      />
                    </div>
                  </div>
                </div>
              </div>
              <div
                class="repeatableFieldRemoveItem "
              >
                <button
                  aria-label="stripes-components.deleteThisItem"
                  class="iconButton medium"
                  data-test-repeatable-field-remove-item-button="true"
                  icon="trash"
                  type="button"
                >
                  <span
                    class="iconButtonInner mediumOffset"
                    data-test-repeatable-field-remove-item-button="true"
                  >
                    <span>
                      Icon
                    </span>
                  </span>
                </button>
              </div>
            </li>
          </ul>
          <button
            class="button default"
            data-test-repeatable-field-add-item-button="true"
            id="aliases-add-button"
            type="button"
          >
            <span
              class="inner"
            >
              ui-organizations.summary.add
            </span>
          </button>
        </fieldset>
      </div>
    </div>
  </form>
</DocumentFragment>
`;
