// Jest Snapshot v1, https://goo.gl/fbAQLP

exports[`OrganizationSummaryForm should render correct structure 1`] = `
<DocumentFragment>
  <form>
    <div
      class="row"
    >
      <div
        class="col-xs-6 col-md-3"
      >
        <div
          class="textField"
        >
          <label
            class="label"
            for="name"
          >
            ui-organizations.summary.name
            <span
              aria-hidden="true"
              class="asterisk"
            >
              *
            </span>
          </label>
          <div
            class="formControl inputGroup"
          >
            <input
              aria-invalid="false"
              aria-required="true"
              autocapitalize="off"
              autocomplete="off"
              autocorrect="off"
              error=""
              id="name"
              name="name"
              required=""
              spellcheck="false"
              type="text"
              value="Amazon.com"
              warning=""
            />
          </div>
          <div
            role="alert"
          />
        </div>
      </div>
      <div
        class="col-xs-6 col-md-3"
      >
        <div
          class="textField"
        >
          <label
            class="label"
            for="text-input-1"
          >
            ui-organizations.summary.code
            <span
              aria-hidden="true"
              class="asterisk"
            >
              *
            </span>
          </label>
          <div
            class="formControl inputGroup"
          >
            <input
              aria-invalid="false"
              aria-required="true"
              autocapitalize="off"
              autocomplete="off"
              autocorrect="off"
              error=""
              id="text-input-1"
              name="code"
              required=""
              spellcheck="false"
              type="text"
              value="AMAZ"
              warning=""
            />
          </div>
          <div
            role="alert"
          />
        </div>
      </div>
      <div
        class="col-xs-6 col-md-3"
      >
        <div
          class="textField"
        >
          <label
            class="label"
            for="text-input-2"
          >
            ui-organizations.summary.accountingCode
          </label>
          <div
            class="formControl inputGroup"
          >
            <input
              aria-invalid="false"
              autocapitalize="off"
              autocomplete="off"
              autocorrect="off"
              error=""
              id="text-input-2"
              name="erpCode"
              spellcheck="false"
              type="text"
              value="G64758-74834"
              warning=""
            />
          </div>
          <div
            role="alert"
          />
        </div>
      </div>
      <div
        class="col-xs-6 col-md-3"
      >
        <div
          class="select inputGroup fullWidth"
        >
          <label
            class="label"
            for="select-3"
            id="select-3-label"
          >
            ui-organizations.summary.organizationStatus
            <span
              aria-hidden="true"
              class="asterisk"
            >
              *
            </span>
          </label>
          <div
            class="selectWrap"
          >
            <select
              aria-invalid="false"
              aria-labelledby="select-3-label"
              aria-required="true"
              class="selectControl formControl"
              id="select-3"
              name="status"
              required=""
            >
              <option
                disabled=""
                value=""
              >
                 
              </option>
              <option
                value="Active"
              >
                ui-organizations.organizationStatus.active
              </option>
              <option
                value="Inactive"
              >
                ui-organizations.organizationStatus.inactive
              </option>
              <option
                value="Pending"
              >
                ui-organizations.organizationStatus.pending
              </option>
            </select>
            <span>
              Icon
            </span>
          </div>
          <div
            role="alert"
          />
        </div>
      </div>
      <div
        class="col-xs-6 col-md-3"
      >
        <div
          class="tether-target tether-enabled tether-abutted tether-abutted-left tether-abutted-right tether-abutted-top tether-abutted-bottom tether-element-attached-top tether-element-attached-center tether-target-attached-bottom tether-target-attached-center"
          style="position: relative; width: 100%;"
        >
          <div
            aria-live="assertive"
            aria-relevant="additions"
            class="sr-only"
          />
          <label
            class="label"
            for="stripes-selection-4"
            id="sl-label-stripes-selection-4"
          >
            ui-organizations.summary.defaultLanguage
          </label>
          <div
            class="selectionControlContainer"
          >
            <button
              aria-expanded="false"
              aria-haspopup="listbox"
              aria-labelledby="sl-label-stripes-selection-4 selected-stripes-selection-4-item"
              aria-owns="sl-undefined"
              class="selectionControl formControl"
              id="stripes-selection-4"
              name="language"
              type="button"
            >
              <span
                class="sr-only"
              >
                stripes-components.selection.controlLabel
              </span>
              <div
                class="singleValue"
                id="selected-stripes-selection-4-item"
              />
            </button>
            <div
              class="selectionEndControls"
            >
              <div
                class="textFieldIcon"
              >
                <span>
                  Icon
                </span>
              </div>
            </div>
          </div>
          <div
            role="alert"
          />
        </div>
      </div>
      <div
        class="col-xs-6 col-md-3"
      >
        <div
          class="checkbox inline vertical"
          data-test-checkbox="true"
        >
          <label
            class="label label checkboxInteractionStylesControl"
            for="checkbox-5"
          >
            <span
              class="labelText"
            >
              ui-organizations.summary.isVendor
            </span>
            <span
              class="inner checkboxInteractionStyles"
            >
              <input
                aria-invalid="false"
                checked=""
                class="input"
                id="checkbox-5"
                name="isVendor"
                type="checkbox"
                value=""
              />
              <span
                class="checkboxIcon"
              >
                <svg
                  height="10"
                  viewBox="0 0 14 14"
                  width="10"
                  xmlns="http://www.w3.org/2000/svg"
                >
                  <path
                    d="M10.395 4.617L5.63 9.383 3.605 7.358"
                    fill="none"
                    stroke-linecap="round"
                    stroke-linejoin="round"
                    stroke-miterlimit="10"
                    stroke-width="1.5"
                  />
                </svg>
              </span>
            </span>
          </label>
          <div
            role="alert"
          />
        </div>
      </div>
      <div
        class="col-xs-6 col-md-3"
      >
        <div
          class="multiSelectContainer"
          id="org-acq-units"
        >
          <div
            aria-live="assertive"
            aria-relevant="additions"
            class="sr-only"
          />
          <div
            aria-expanded="false"
            aria-haspopup="listbox"
            aria-labelledby="org-acq-units-label"
            class="multiSelectContainer"
            role="application"
          >
            <label
              class="label"
              for="org-acq-units-input"
              id="org-acq-units-label"
            >
              stripes-acq-components.label.acqUnits
            </label>
            <span
              class="sr-only"
              id="multi-value-status-org-acq-units"
            >
              0 items selected
            </span>
            <span
              class="sr-only"
              id="multi-describe-control-org-acq-units"
            >
              stripes-components.multiSelection.controlDescription
            </span>
            <div
              class="multiSelectControlWrapper"
            >
              <div
                aria-describedby="multi-describe-control-org-acq-units"
                aria-labelledby="org-acq-units-label multi-value-status-org-acq-units"
                class="multiSelectControl formControl"
                tabindex="0"
              >
                <div
                  class="multiSelectControlGroup"
                >
                  <input
                    aria-autocomplete="list"
                    aria-labelledby="org-acq-units-label"
                    autocomplete="off"
                    class="multiSelectFilterField"
                    id="org-acq-units-input"
                    type="text"
                    value=""
                  />
                  <input
                    aria-autocomplete="list"
                    aria-hidden="true"
                    autocomplete="off"
                    class="multiSelectValueInput"
                    id="multiselect-input-org-acq-units"
                    tabindex="-1"
                    type="text"
                    value=""
                  />
                </div>
                <button
                  aria-haspopup="true"
                  aria-label="open menu"
                  class="multiSelectToggleButton"
                  data-toggle="true"
                  role="button"
                  type="button"
                >
                  <div
                    class="textFieldIcon"
                  >
                    <span>
                      Icon
                    </span>
                  </div>
                </button>
              </div>
              <div
                class="multiSelectMenu"
                hidden=""
                style="width: 100px;"
              >
                <div
                  class="multiSelectFeedback"
                  role="alert"
                >
                  <div
                    class="multiSelectEmptyMessage"
                  >
                    stripes-components.multiSelection.defaultEmptyMessage
                  </div>
                </div>
                <ul
                  aria-labelledby="org-acq-units-label"
                  class="multiSelectOptionList"
                  id="multiselect-option-list-org-acq-units"
                  role="listbox"
                  style="max-height: 168px;"
                />
              </div>
            </div>
          </div>
          <div
            role="alert"
          />
        </div>
      </div>
      <div
        class="col-xs-6 col-md-3"
      >
        <div
          class="textArea inputGroup"
        >
          <label
            class="label"
            for="textarea-input-6"
          >
            ui-organizations.summary.description
          </label>
          <textarea
            aria-invalid="false"
            class="formControl"
            id="textarea-input-6"
            name="description"
            type="text"
          >
            Use for rush orders, replacement requests, and second hand market
          </textarea>
          <div
            role="alert"
          />
        </div>
      </div>
      <div
        class="col-xs-6"
      >
        <fieldset
          class="repeatableField hasMargin"
          data-test-repeatable-field="true"
          id="aliases"
        >
          <legend
            class="headline size-medium margin-medium font-weight-bold"
            data-test-headline="true"
            data-test-repeatable-field-legend="true"
          >
            ui-organizations.summary.alternativeNames
          </legend>
          <ul
            class="repeatableFieldList"
            data-test-repeatable-field-list="true"
          >
            <li
              class="repeatableFieldItem"
              data-test-repeatable-field-list-item="true"
            >
              <div
                class="repeatableFieldItemContent"
              >
                <div
                  class="row"
                >
                  <div
                    class="col-xs"
                    data-test-alias="true"
                  >
                    <div
                      class="textField"
                    >
                      <label
                        class="label"
                        for="text-input-7"
                      >
                        ui-organizations.summary.alias
                        <span
                          aria-hidden="true"
                          class="asterisk"
                        >
                          *
                        </span>
                      </label>
                      <div
                        class="formControl inputGroup"
                      >
                        <input
                          aria-invalid="false"
                          aria-required="true"
                          autocapitalize="off"
                          autocomplete="off"
                          autocorrect="off"
                          error=""
                          id="text-input-7"
                          name="aliases[0].value"
                          required=""
                          spellcheck="false"
                          type="text"
                          value="Amazon"
                          warning=""
                        />
                      </div>
                      <div
                        role="alert"
                      />
                    </div>
                  </div>
                  <div
                    class="col-xs"
                  >
                    <div
                      class="textField"
                    >
                      <label
                        class="label"
                        for="text-input-8"
                      >
                        ui-organizations.summary.description
                      </label>
                      <div
                        class="formControl inputGroup"
                      >
                        <input
                          aria-invalid="false"
                          autocapitalize="off"
                          autocomplete="off"
                          autocorrect="off"
                          error=""
                          id="text-input-8"
                          name="aliases[0].description"
                          spellcheck="false"
                          type="text"
                          value=""
                          warning=""
                        />
                      </div>
                      <div
                        role="alert"
                      />
                    </div>
                  </div>
                </div>
              </div>
              <div
                class="repeatableFieldRemoveItem "
              >
                <button
                  aria-label="stripes-components.deleteThisItem"
                  class="iconButton medium"
                  data-test-repeatable-field-remove-item-button="true"
                  icon="trash"
                  type="button"
                >
                  <span
                    class="iconButtonInner mediumOffset"
                    data-test-repeatable-field-remove-item-button="true"
                  >
                    <span>
                      Icon
                    </span>
                  </span>
                </button>
              </div>
            </li>
          </ul>
          <button
            class="button default"
            data-test-repeatable-field-add-item-button="true"
            id="aliases-add-button"
            type="button"
          >
            <span
              class="inner"
            >
              ui-organizations.summary.add
            </span>
          </button>
        </fieldset>
      </div>
    </div>
  </form>
  <div />
</DocumentFragment>
`;
