// Jest Snapshot v1, https://goo.gl/fbAQLP

exports[`OrganizationContactInfoForm should render correct structure with defined contacts 1`] = `
<DocumentFragment>
  <form>
    <div
      class="row"
      data-testid="org-contacts-info-form"
    >
      <div
        class="col-xs-12"
      >
        <fieldset
          class="repeatableField hasMargin"
          data-test-repeatable-field="true"
          id="addresses"
        >
          <legend
            class="headline size-medium margin-medium font-weight-bold"
            data-test-headline="true"
            data-test-repeatable-field-legend="true"
          >
            ui-organizations.data.contactTypes.address
          </legend>
          <ul
            class="repeatableFieldList"
            data-test-repeatable-field-list="true"
          >
            <li
              class="repeatableFieldItem"
              data-test-repeatable-field-list-item="true"
            >
              <div
                class="repeatableFieldItemContent"
              >
                <div
                  class="card default contactInfoCard"
                >
                  <div
                    class="header default"
                    data-test-card-header="true"
                  >
                    <span
                      class="headerStart"
                      data-test-card-header-start="true"
                    >
                      <div
                        class="checkbox disabled"
                        data-test-checkbox="true"
                      >
                        <label
                          class="label label"
                          for="checkbox-2"
                        >
                          <span
                            class="inner disabledLabel"
                          >
                            <input
                              aria-invalid="false"
                              checked=""
                              class="input"
                              data-test-checkbox-is-primary="true"
                              disabled=""
                              id="checkbox-2"
                              name="addresses[0].isPrimary"
                              type="checkbox"
                              value=""
                            />
                            <span
                              class="checkboxIcon"
                            >
                              <svg
                                height="10"
                                viewBox="0 0 14 14"
                                width="10"
                                xmlns="http://www.w3.org/2000/svg"
                              >
                                <path
                                  d="M10.395 4.617L5.63 9.383 3.605 7.358"
                                  fill="none"
                                  stroke-linecap="round"
                                  stroke-linejoin="round"
                                  stroke-miterlimit="10"
                                  stroke-width="1.5"
                                />
                              </svg>
                            </span>
                            <span
                              class="labelText"
                            >
                              ui-organizations.contactPeople.primaryAddress
                            </span>
                          </span>
                        </label>
                        <div
                          role="alert"
                        />
                      </div>
                    </span>
                  </div>
                  <div
                    class="body "
                    data-test-card-body="true"
                  >
                    <div
                      class="row"
                    >
                      <div
                        class="col-xs-12 col-md-3"
                        data-test-address-1="true"
                      >
                        <input
                          name="addresses[0].addressLine1"
                          value="1 Centerpiece Blvd."
                        />
                      </div>
                      <div
                        class="col-xs-12 col-md-3"
                        data-test-address-2="true"
                      >
                        <div
                          class="textField"
                        >
                          <label
                            class="label"
                            for="text-input-3"
                          >
                            ui-organizations.data.contactTypes.addressLine2
                          </label>
                          <div
                            class="formControl inputGroup"
                          >
                            <input
                              aria-invalid="false"
                              autocapitalize="off"
                              autocomplete="off"
                              autocorrect="off"
                              error=""
                              id="text-input-3"
                              name="addresses[0].addressLine2"
                              spellcheck="false"
                              type="text"
                              value="P.O. Box 15550"
                              warning=""
                            />
                          </div>
                          <div
                            role="alert"
                          />
                        </div>
                      </div>
                      <div
                        class="col-xs-12 col-md-3"
                        data-test-address-city="true"
                      >
                        <div
                          class="textField"
                        >
                          <label
                            class="label"
                            for="text-input-4"
                          >
                            ui-organizations.data.contactTypes.city
                          </label>
                          <div
                            class="formControl inputGroup"
                          >
                            <input
                              aria-invalid="false"
                              autocapitalize="off"
                              autocomplete="off"
                              autocorrect="off"
                              error=""
                              id="text-input-4"
                              name="addresses[0].city"
                              spellcheck="false"
                              type="text"
                              value="New Castle"
                              warning=""
                            />
                          </div>
                          <div
                            role="alert"
                          />
                        </div>
                      </div>
                      <div
                        class="col-xs-12 col-md-3"
                        data-test-address-state="true"
                      >
                        <div
                          class="textField"
                        >
                          <label
                            class="label"
                            for="addresses[0].stateRegion"
                          >
                            ui-organizations.data.contactTypes.stateProviceOrRegion
                          </label>
                          <div
                            class="formControl inputGroup"
                          >
                            <input
                              aria-invalid="false"
                              autocapitalize="off"
                              autocomplete="off"
                              autocorrect="off"
                              error=""
                              id="addresses[0].stateRegion"
                              name="addresses[0].stateRegion"
                              spellcheck="false"
                              type="text"
                              value="DE"
                              warning=""
                            />
                          </div>
                          <div
                            role="alert"
                          />
                        </div>
                      </div>
                      <div
                        class="col-xs-12 col-md-3"
                        data-test-address-zip="true"
                      >
                        <div
                          class="textField"
                        >
                          <label
                            class="label"
                            for="addresses[0].zipCode"
                          >
                            ui-organizations.data.contactTypes.zipOrPostalCode
                          </label>
                          <div
                            class="formControl inputGroup"
                          >
                            <input
                              aria-invalid="false"
                              autocapitalize="off"
                              autocomplete="off"
                              autocorrect="off"
                              error=""
                              id="addresses[0].zipCode"
                              name="addresses[0].zipCode"
                              spellcheck="false"
                              type="text"
                              value="19720-5550"
                              warning=""
                            />
                          </div>
                          <div
                            role="alert"
                          />
                        </div>
                      </div>
                      <div
                        class="col-xs-12 col-md-3"
                        data-test-address-country="true"
                      >
                        <div
                          class="tether-target tether-enabled tether-abutted tether-abutted-left tether-abutted-right tether-abutted-top tether-abutted-bottom tether-element-attached-top tether-element-attached-center tether-target-attached-bottom tether-target-attached-center"
                          style="position: relative; width: 100%;"
                        >
                          <div
                            aria-live="assertive"
                            aria-relevant="additions"
                            class="sr-only"
                          />
                          <label
                            class="label"
                            for="stripes-selection-5"
                            id="sl-label-stripes-selection-5"
                          >
                            ui-organizations.data.contactTypes.country
                          </label>
                          <div
                            class="selectionControlContainer"
                          >
                            <button
                              aria-expanded="false"
                              aria-haspopup="listbox"
                              aria-labelledby="sl-label-stripes-selection-5 selected-stripes-selection-5-item"
                              aria-owns="sl-undefined"
                              class="selectionControl formControl"
                              id="stripes-selection-5"
                              name="addresses[0].country"
                              type="button"
                            >
                              <span
                                class="sr-only"
                              >
                                stripes-components.selection.controlLabel
                              </span>
                              <div
                                class="singleValue"
                                id="selected-stripes-selection-5-item"
                              >
                                <div
                                  class="optionSegment"
                                  data-test-selection-option-segment="true"
                                >
                                  stripes-components.countries.US
                                </div>
                              </div>
                            </button>
                            <div
                              class="selectionEndControls"
                            >
                              <div
                                class="textFieldIcon"
                              >
                                <span>
                                  Icon
                                </span>
                              </div>
                            </div>
                          </div>
                          <div
                            role="alert"
                          />
                        </div>
                      </div>
                      <div
                        class="col-xs-12 col-md-3"
                        data-test-address-language="true"
                      >
                        <div
                          class="tether-target tether-enabled tether-abutted tether-abutted-left tether-abutted-right tether-abutted-top tether-abutted-bottom tether-element-attached-top tether-element-attached-center tether-target-attached-bottom tether-target-attached-center"
                          style="position: relative; width: 100%;"
                        >
                          <div
                            aria-live="assertive"
                            aria-relevant="additions"
                            class="sr-only"
                          />
                          <label
                            class="label"
                            for="stripes-selection-6"
                            id="sl-label-stripes-selection-6"
                          >
                            ui-organizations.contactInfo.language
                          </label>
                          <div
                            class="selectionControlContainer"
                          >
                            <button
                              aria-expanded="false"
                              aria-haspopup="listbox"
                              aria-labelledby="sl-label-stripes-selection-6 selected-stripes-selection-6-item"
                              aria-owns="sl-undefined"
                              class="selectionControl formControl"
                              id="stripes-selection-6"
                              name="addresses[0].language"
                              type="button"
                            >
                              <span
                                class="sr-only"
                              >
                                stripes-components.selection.controlLabel
                              </span>
                              <div
                                class="singleValue"
                                id="selected-stripes-selection-6-item"
                              />
                            </button>
                            <div
                              class="selectionEndControls"
                            >
                              <div
                                class="textFieldIcon"
                              >
                                <span>
                                  Icon
                                </span>
                              </div>
                            </div>
                          </div>
                          <div
                            role="alert"
                          />
                        </div>
                      </div>
                      <div
                        class="col-xs-12 col-md-3"
                        data-test-address-category="true"
                      >
                        <div
                          class="multiSelectContainer"
                          id="multiselect-1"
                        >
                          <div
                            aria-live="assertive"
                            aria-relevant="additions"
                            class="sr-only"
                          />
                          <div
                            aria-expanded="false"
                            aria-haspopup="listbox"
                            aria-labelledby="addressFormCategoriesLabel"
                            class="multiSelectContainer"
                            role="application"
                          >
                            <label
                              class="label"
                              for="multiselect-1-input"
                              id="addressFormCategoriesLabel"
                            >
                              ui-organizations.data.contactTypes.categories
                            </label>
                            <span
                              class="sr-only"
                              id="multi-value-status-multiselect-1"
                            >
                              1 item selected
                            </span>
                            <span
                              class="sr-only"
                              id="multi-describe-control-multiselect-1"
                            >
                              stripes-components.multiSelection.controlDescription
                            </span>
                            <div
                              class="multiSelectControlWrapper"
                            >
                              <div
                                aria-describedby="multi-describe-control-multiselect-1"
                                aria-labelledby="addressFormCategoriesLabel multi-value-status-multiselect-1"
                                class="multiSelectControl formControl"
                                role="search"
                                tabindex="0"
                              >
                                <div
                                  class="multiSelectControlGroup"
                                >
                                  <div
                                    class="multiSelectValueListContainer"
                                    id="multi-values-list-multiselect-1"
                                  >
                                    <span
                                      class="sr-only"
                                      id="multi-value-multiselect-1"
                                    >
                                      stripes-components.multiSelection.removeSelectedButtonLabel
                                    </span>
                                    <span
                                      class="sr-only"
                                      id="multi-describe-action-multiselect-1"
                                    >
                                      stripes-components.multiSelection.removeSelectedButtonDescription
                                    </span>
                                    <ul
                                      class="multiSelectValueList"
                                    >
                                      <li
                                        class="valueChipRoot"
                                        id="addresses[0].categories-category2-0_multiselect_selected"
                                      >
                                        <div
                                          class="valueChipGroup"
                                        >
                                          <div
                                            class="valueChipValue"
                                            id="addresses[0].categories-category2-0_multiselect_selected_label"
                                          >
                                            <div
                                              class="optionSegment"
                                              data-test-selection-option-segment="true"
                                            >
                                              Custom
                                            </div>
                                          </div>
                                          <button
                                            aria-describedby="multi-describe-action-multiselect-1"
                                            aria-label="times"
                                            aria-labelledby="addresses[0].categories-category2-0_multiselect_selected_label multi-value-multiselect-1"
                                            class="iconButton small"
                                            icon="times"
                                            style="padding: 0px;"
                                            type="button"
                                          >
                                            <span
                                              aria-describedby="multi-describe-action-multiselect-1"
                                              class="iconButtonInner smallOffset"
                                            >
                                              <span>
                                                Icon
                                              </span>
                                            </span>
                                          </button>
                                        </div>
                                      </li>
                                    </ul>
                                  </div>
                                  <input
                                    aria-autocomplete="list"
                                    aria-labelledby="addressFormCategoriesLabel"
                                    autocomplete="off"
                                    class="multiSelectFilterField"
                                    id="multiselect-1-input"
                                    placeholder=""
                                    type="text"
                                    value=""
                                  />
                                  <input
                                    aria-autocomplete="list"
                                    aria-hidden="true"
                                    autocomplete="off"
                                    class="multiSelectValueInput"
                                    id="multiselect-input-multiselect-1"
                                    tabindex="-1"
                                    type="text"
                                    value="addresses[0].categories-category2"
                                  />
                                </div>
                                <button
                                  aria-haspopup="true"
                                  aria-label="open menu"
                                  class="multiSelectToggleButton"
                                  data-toggle="true"
                                  role="button"
                                  type="button"
                                >
                                  <div
                                    class="textFieldIcon"
                                  >
                                    <span>
                                      Icon
                                    </span>
                                  </div>
                                </button>
                              </div>
                              <div
                                class="multiSelectMenu"
                                hidden=""
                                style="width: 100px;"
                              >
                                <div
                                  class="multiSelectFeedback"
                                  role="alert"
                                />
                                <ul
                                  aria-labelledby="addressFormCategoriesLabel"
                                  class="multiSelectOptionList"
                                  id="multiselect-option-list-multiselect-1"
                                  role="listbox"
                                  style="max-height: 168px;"
                                >
                                  <li
                                    aria-selected="false"
                                    class="multiSelectOption optionCursor"
                                    id="multiselect-1-main-item-0"
                                    role="option"
                                  >
                                    <div
                                      class="optionSegment"
                                      data-test-selection-option-segment="true"
                                    >
                                      ui-organizations.contactInfo.vendorCategory.customerService
                                    </div>
                                    <div>
                                      +
                                    </div>
                                  </li>
                                  <li
                                    aria-selected="true"
                                    class="multiSelectOption optionSelected"
                                    id="multiselect-1-main-item-1"
                                    role="option"
                                  >
                                    <div
                                      class="optionSegment"
                                      data-test-selection-option-segment="true"
                                    >
                                      Custom
                                    </div>
                                    <div>
                                      -
                                    </div>
                                  </li>
                                </ul>
                              </div>
                            </div>
                          </div>
                          <div
                            role="alert"
                          />
                        </div>
                      </div>
                    </div>
                  </div>
                </div>
              </div>
              <div
                class="repeatableFieldRemoveItem "
              >
                <button
                  aria-label="stripes-components.deleteThisItem"
                  class="iconButton medium"
                  data-test-repeatable-field-remove-item-button="true"
                  icon="trash"
                  type="button"
                >
                  <span
                    class="iconButtonInner mediumOffset"
                    data-test-repeatable-field-remove-item-button="true"
                  >
                    <span>
                      Icon
                    </span>
                  </span>
                </button>
              </div>
            </li>
          </ul>
          <button
            class="button default"
            data-test-repeatable-field-add-item-button="true"
            id="addresses-add-button"
            type="button"
          >
            <span
              class="inner"
            >
              ui-organizations.contactInfo.actions.addAddress
            </span>
          </button>
        </fieldset>
      </div>
      <div
        class="col-xs-12"
      >
        <fieldset
          class="repeatableField hasMargin"
          data-test-repeatable-field="true"
          id="phone-numbers"
        >
          <legend
            class="headline size-medium margin-medium font-weight-bold"
            data-test-headline="true"
            data-test-repeatable-field-legend="true"
          >
            ui-organizations.contactInfo.phoneNumbers
          </legend>
          <ul
            class="repeatableFieldList"
            data-test-repeatable-field-list="true"
          >
            <li
              class="repeatableFieldItem"
              data-test-repeatable-field-list-item="true"
            >
              <div
                class="repeatableFieldItemContent"
              >
                <div
                  class="card default contactInfoCard"
                >
                  <div
                    class="header default"
                    data-test-card-header="true"
                  >
                    <span
                      class="headerStart"
                      data-test-card-header-start="true"
                    >
                      <div
                        class="checkbox disabled"
                        data-test-checkbox="true"
                      >
                        <label
                          class="label label"
                          for="checkbox-7"
                        >
                          <span
                            class="inner disabledLabel"
                          >
                            <input
                              aria-invalid="false"
                              checked=""
                              class="input"
                              data-test-checkbox-is-primary="true"
                              disabled=""
                              id="checkbox-7"
                              name="phoneNumbers[0].isPrimary"
                              type="checkbox"
                              value=""
                            />
                            <span
                              class="checkboxIcon"
                            >
                              <svg
                                height="10"
                                viewBox="0 0 14 14"
                                width="10"
                                xmlns="http://www.w3.org/2000/svg"
                              >
                                <path
                                  d="M10.395 4.617L5.63 9.383 3.605 7.358"
                                  fill="none"
                                  stroke-linecap="round"
                                  stroke-linejoin="round"
                                  stroke-miterlimit="10"
                                  stroke-width="1.5"
                                />
                              </svg>
                            </span>
                            <span
                              class="labelText"
                            >
                              ui-organizations.contactPeople.primaryPhone
                            </span>
                          </span>
                        </label>
                        <div
                          role="alert"
                        />
                      </div>
                    </span>
                  </div>
                  <div
                    class="body "
                    data-test-card-body="true"
                  >
                    <div
                      class="row"
                    >
                      <div
                        class="col-xs-12 col-md-3"
                        data-test-phone-number="true"
                      >
                        <input
                          name="phoneNumbers[0].phoneNumber"
                          value="1-888-238-22090"
                        />
                      </div>
                      <div
                        class="col-xs-12 col-md-3"
                        data-test-phone-type="true"
                      >
                        <div
                          class="select inputGroup fullWidth"
                        >
                          <label
                            class="label"
                            for="phoneNumbers[0].type"
                            id="phoneNumbers[0].type-label"
                          >
                            ui-organizations.contactPeople.type
                          </label>
                          <div
                            class="selectWrap"
                          >
                            <select
                              aria-invalid="false"
                              aria-labelledby="phoneNumbers[0].type-label"
                              aria-required="false"
                              class="selectControl formControl"
                              id="phoneNumbers[0].type"
                              name="phoneNumbers[0].type"
                            >
                              <option
                                value=""
                              >
                                stripes-acq-components.label.emptyValue
                              </option>
                              <option
                                value="Office"
                              >
                                Office
                              </option>
                              <option
                                value="Mobile"
                              >
                                Mobile
                              </option>
                              <option
                                value="Fax"
                              >
                                Fax
                              </option>
                              <option
                                value="Other"
                              >
                                Other
                              </option>
                            </select>
                            <span>
                              Icon
                            </span>
                          </div>
                          <div
                            role="alert"
                          />
                        </div>
                      </div>
                      <div
                        class="col-xs-12 col-md-3"
                        data-test-phone-language="true"
                      >
                        <div
                          class="tether-target tether-enabled tether-abutted tether-abutted-left tether-abutted-right tether-abutted-top tether-abutted-bottom tether-element-attached-top tether-element-attached-center tether-target-attached-bottom tether-target-attached-center"
                          style="position: relative; width: 100%;"
                        >
                          <div
                            aria-live="assertive"
                            aria-relevant="additions"
                            class="sr-only"
                          />
                          <label
                            class="label"
                            for="stripes-selection-8"
                            id="sl-label-stripes-selection-8"
                          >
                            ui-organizations.contactInfo.language
                          </label>
                          <div
                            class="selectionControlContainer"
                          >
                            <button
                              aria-expanded="false"
                              aria-haspopup="listbox"
                              aria-labelledby="sl-label-stripes-selection-8 selected-stripes-selection-8-item"
                              aria-owns="sl-undefined"
                              class="selectionControl formControl"
                              id="stripes-selection-8"
                              name="phoneNumbers[0].language"
                              type="button"
                            >
                              <span
                                class="sr-only"
                              >
                                stripes-components.selection.controlLabel
                              </span>
                              <div
                                class="singleValue"
                                id="selected-stripes-selection-8-item"
                              />
                            </button>
                            <div
                              class="selectionEndControls"
                            >
                              <div
                                class="textFieldIcon"
                              >
                                <span>
                                  Icon
                                </span>
                              </div>
                            </div>
                          </div>
                          <div
                            role="alert"
                          />
                        </div>
                      </div>
                      <div
                        class="col-xs-12 col-md-3"
                        data-test-phone-category="true"
                      >
                        <div
                          class="multiSelectContainer"
                          id="multiselect-2"
                        >
                          <div
                            aria-live="assertive"
                            aria-relevant="additions"
                            class="sr-only"
                          />
                          <div
                            aria-expanded="false"
                            aria-haspopup="listbox"
                            aria-labelledby="phoneFormCategoriesLabel"
                            class="multiSelectContainer"
                            role="application"
                          >
                            <label
                              class="label"
                              for="multiselect-2-input"
                              id="phoneFormCategoriesLabel"
                            >
                              ui-organizations.data.contactTypes.categories
                            </label>
                            <span
                              class="sr-only"
                              id="multi-value-status-multiselect-2"
                            >
                              0 items selected
                            </span>
                            <span
                              class="sr-only"
                              id="multi-describe-control-multiselect-2"
                            >
                              stripes-components.multiSelection.controlDescription
                            </span>
                            <div
                              class="multiSelectControlWrapper"
                            >
                              <div
                                aria-describedby="multi-describe-control-multiselect-2"
                                aria-labelledby="phoneFormCategoriesLabel multi-value-status-multiselect-2"
                                class="multiSelectControl formControl"
                                role="search"
                                tabindex="0"
                              >
                                <div
                                  class="multiSelectControlGroup"
                                >
                                  <input
                                    aria-autocomplete="list"
                                    aria-labelledby="phoneFormCategoriesLabel"
                                    autocomplete="off"
                                    class="multiSelectFilterField"
                                    id="multiselect-2-input"
                                    type="text"
                                    value=""
                                  />
                                  <input
                                    aria-autocomplete="list"
                                    aria-hidden="true"
                                    autocomplete="off"
                                    class="multiSelectValueInput"
                                    id="multiselect-input-multiselect-2"
                                    tabindex="-1"
                                    type="text"
                                    value=""
                                  />
                                </div>
                                <button
                                  aria-haspopup="true"
                                  aria-label="open menu"
                                  class="multiSelectToggleButton"
                                  data-toggle="true"
                                  role="button"
                                  type="button"
                                >
                                  <div
                                    class="textFieldIcon"
                                  >
                                    <span>
                                      Icon
                                    </span>
                                  </div>
                                </button>
                              </div>
                              <div
                                class="multiSelectMenu"
                                hidden=""
                                style="width: 100px;"
                              >
                                <div
                                  class="multiSelectFeedback"
                                  role="alert"
                                />
                                <ul
                                  aria-labelledby="phoneFormCategoriesLabel"
                                  class="multiSelectOptionList"
                                  id="multiselect-option-list-multiselect-2"
                                  role="listbox"
                                  style="max-height: 168px;"
                                >
                                  <li
                                    aria-selected="false"
                                    class="multiSelectOption optionCursor"
                                    id="multiselect-2-main-item-0"
                                    role="option"
                                  >
                                    <div
                                      class="optionSegment"
                                      data-test-selection-option-segment="true"
                                    >
                                      ui-organizations.contactInfo.vendorCategory.customerService
                                    </div>
                                    <div>
                                      +
                                    </div>
                                  </li>
                                  <li
                                    aria-selected="false"
                                    class="multiSelectOption"
                                    id="multiselect-2-main-item-1"
                                    role="option"
                                  >
                                    <div
                                      class="optionSegment"
                                      data-test-selection-option-segment="true"
                                    >
                                      Custom
                                    </div>
                                    <div>
                                      +
                                    </div>
                                  </li>
                                </ul>
                              </div>
                            </div>
                          </div>
                          <div
                            role="alert"
                          />
                        </div>
                      </div>
                    </div>
                  </div>
                </div>
              </div>
              <div
                class="repeatableFieldRemoveItem "
              >
                <button
                  aria-label="stripes-components.deleteThisItem"
                  class="iconButton medium"
                  data-test-repeatable-field-remove-item-button="true"
                  icon="trash"
                  type="button"
                >
                  <span
                    class="iconButtonInner mediumOffset"
                    data-test-repeatable-field-remove-item-button="true"
                  >
                    <span>
                      Icon
                    </span>
                  </span>
                </button>
              </div>
            </li>
          </ul>
          <button
            class="button default"
            data-test-repeatable-field-add-item-button="true"
            id="phone-numbers-add-button"
            type="button"
          >
            <span
              class="inner"
            >
              ui-organizations.contactInfo.actions.addPhoneNumber
            </span>
          </button>
        </fieldset>
      </div>
      <div
        class="col-xs-12"
      >
        <fieldset
          class="repeatableField hasMargin"
          data-test-repeatable-field="true"
          id="emails"
        >
          <legend
            class="headline size-medium margin-medium font-weight-bold"
            data-test-headline="true"
            data-test-repeatable-field-legend="true"
          >
            ui-organizations.contactPeople.emails
          </legend>
          <ul
            class="repeatableFieldList"
            data-test-repeatable-field-list="true"
          >
            <li
              class="repeatableFieldItem"
              data-test-repeatable-field-list-item="true"
            >
              <div
                class="repeatableFieldItemContent"
              >
                <div
                  class="card default contactInfoCard"
                >
                  <div
                    class="header default"
                    data-test-card-header="true"
                  >
                    <span
                      class="headerStart"
                      data-test-card-header-start="true"
                    >
                      <div
                        class="checkbox disabled"
                        data-test-checkbox="true"
                      >
                        <label
                          class="label label"
                          for="checkbox-9"
                        >
                          <span
                            class="inner disabledLabel"
                          >
                            <input
                              aria-invalid="false"
                              checked=""
                              class="input"
                              data-test-checkbox-is-primary="true"
                              disabled=""
                              id="checkbox-9"
                              name="emails[0].isPrimary"
                              type="checkbox"
                              value=""
                            />
                            <span
                              class="checkboxIcon"
                            >
                              <svg
                                height="10"
                                viewBox="0 0 14 14"
                                width="10"
                                xmlns="http://www.w3.org/2000/svg"
                              >
                                <path
                                  d="M10.395 4.617L5.63 9.383 3.605 7.358"
                                  fill="none"
                                  stroke-linecap="round"
                                  stroke-linejoin="round"
                                  stroke-miterlimit="10"
                                  stroke-width="1.5"
                                />
                              </svg>
                            </span>
                            <span
                              class="labelText"
                            >
                              ui-organizations.contactPeople.primaryEmail
                            </span>
                          </span>
                        </label>
                        <div
                          role="alert"
                        />
                      </div>
                    </span>
                  </div>
                  <div
                    class="body "
                    data-test-card-body="true"
                  >
                    <div
                      class="row"
                    >
                      <div
                        class="col-xs-12 col-md-3"
                        data-test-email-value="true"
                      >
                        <input
                          name="emails[0].value"
                          value="cust.service03@amazon.com"
                        />
                      </div>
                      <div
                        class="col-xs-12 col-md-3"
                        data-test-email-description="true"
                      >
                        <div
                          class="textField"
                        >
                          <label
                            class="label"
                            for="text-input-10"
                          >
                            ui-organizations.contactInfo.description
                          </label>
                          <div
                            class="formControl inputGroup"
                          >
                            <input
                              aria-invalid="false"
                              autocapitalize="off"
                              autocomplete="off"
                              autocorrect="off"
                              error=""
                              id="text-input-10"
                              name="emails[0].description"
                              spellcheck="false"
                              type="text"
                              value="customer service"
                              warning=""
                            />
                          </div>
                          <div
                            role="alert"
                          />
                        </div>
                      </div>
                      <div
                        class="col-xs-12 col-md-3"
                        data-test-email-language="true"
                      >
                        <div
                          class="tether-target tether-enabled tether-abutted tether-abutted-left tether-abutted-right tether-abutted-top tether-abutted-bottom tether-element-attached-top tether-element-attached-center tether-target-attached-bottom tether-target-attached-center"
                          style="position: relative; width: 100%;"
                        >
                          <div
                            aria-live="assertive"
                            aria-relevant="additions"
                            class="sr-only"
                          />
                          <label
                            class="label"
                            for="stripes-selection-11"
                            id="sl-label-stripes-selection-11"
                          >
                            ui-organizations.contactInfo.language
                          </label>
                          <div
                            class="selectionControlContainer"
                          >
                            <button
                              aria-expanded="false"
                              aria-haspopup="listbox"
                              aria-labelledby="sl-label-stripes-selection-11 selected-stripes-selection-11-item"
                              aria-owns="sl-undefined"
                              class="selectionControl formControl"
                              id="stripes-selection-11"
                              name="emails[0].language"
                              type="button"
                            >
                              <span
                                class="sr-only"
                              >
                                stripes-components.selection.controlLabel
                              </span>
                              <div
                                class="singleValue"
                                id="selected-stripes-selection-11-item"
                              />
                            </button>
                            <div
                              class="selectionEndControls"
                            >
                              <div
                                class="textFieldIcon"
                              >
                                <span>
                                  Icon
                                </span>
                              </div>
                            </div>
                          </div>
                          <div
                            role="alert"
                          />
                        </div>
                      </div>
                      <div
                        class="col-xs-12 col-md-3"
                        data-test-email-category="true"
                      >
                        <div
                          class="multiSelectContainer"
                          id="multiselect-3"
                        >
                          <div
                            aria-live="assertive"
                            aria-relevant="additions"
                            class="sr-only"
                          />
                          <div
                            aria-expanded="false"
                            aria-haspopup="listbox"
                            aria-labelledby="emailFormCategoriesLabel"
                            class="multiSelectContainer"
                            role="application"
                          >
                            <label
                              class="label"
                              for="multiselect-3-input"
                              id="emailFormCategoriesLabel"
                            >
                              ui-organizations.data.contactTypes.categories
                            </label>
                            <span
                              class="sr-only"
                              id="multi-value-status-multiselect-3"
                            >
                              0 items selected
                            </span>
                            <span
                              class="sr-only"
                              id="multi-describe-control-multiselect-3"
                            >
                              stripes-components.multiSelection.controlDescription
                            </span>
                            <div
                              class="multiSelectControlWrapper"
                            >
                              <div
                                aria-describedby="multi-describe-control-multiselect-3"
                                aria-labelledby="emailFormCategoriesLabel multi-value-status-multiselect-3"
                                class="multiSelectControl formControl"
                                role="search"
                                tabindex="0"
                              >
                                <div
                                  class="multiSelectControlGroup"
                                >
                                  <input
                                    aria-autocomplete="list"
                                    aria-labelledby="emailFormCategoriesLabel"
                                    autocomplete="off"
                                    class="multiSelectFilterField"
                                    id="multiselect-3-input"
                                    type="text"
                                    value=""
                                  />
                                  <input
                                    aria-autocomplete="list"
                                    aria-hidden="true"
                                    autocomplete="off"
                                    class="multiSelectValueInput"
                                    id="multiselect-input-multiselect-3"
                                    tabindex="-1"
                                    type="text"
                                    value=""
                                  />
                                </div>
                                <button
                                  aria-haspopup="true"
                                  aria-label="open menu"
                                  class="multiSelectToggleButton"
                                  data-toggle="true"
                                  role="button"
                                  type="button"
                                >
                                  <div
                                    class="textFieldIcon"
                                  >
                                    <span>
                                      Icon
                                    </span>
                                  </div>
                                </button>
                              </div>
                              <div
                                class="multiSelectMenu"
                                hidden=""
                                style="width: 100px;"
                              >
                                <div
                                  class="multiSelectFeedback"
                                  role="alert"
                                />
                                <ul
                                  aria-labelledby="emailFormCategoriesLabel"
                                  class="multiSelectOptionList"
                                  id="multiselect-option-list-multiselect-3"
                                  role="listbox"
                                  style="max-height: 168px;"
                                >
                                  <li
                                    aria-selected="false"
                                    class="multiSelectOption optionCursor"
                                    id="multiselect-3-main-item-0"
                                    role="option"
                                  >
                                    <div
                                      class="optionSegment"
                                      data-test-selection-option-segment="true"
                                    >
                                      ui-organizations.contactInfo.vendorCategory.customerService
                                    </div>
                                    <div>
                                      +
                                    </div>
                                  </li>
                                  <li
                                    aria-selected="false"
                                    class="multiSelectOption"
                                    id="multiselect-3-main-item-1"
                                    role="option"
                                  >
                                    <div
                                      class="optionSegment"
                                      data-test-selection-option-segment="true"
                                    >
                                      Custom
                                    </div>
                                    <div>
                                      +
                                    </div>
                                  </li>
                                </ul>
                              </div>
                            </div>
                          </div>
                          <div
                            role="alert"
                          />
                        </div>
                      </div>
                    </div>
                  </div>
                </div>
              </div>
              <div
                class="repeatableFieldRemoveItem "
              >
                <button
                  aria-label="stripes-components.deleteThisItem"
                  class="iconButton medium"
                  data-test-repeatable-field-remove-item-button="true"
                  icon="trash"
                  type="button"
                >
                  <span
                    class="iconButtonInner mediumOffset"
                    data-test-repeatable-field-remove-item-button="true"
                  >
                    <span>
                      Icon
                    </span>
                  </span>
                </button>
              </div>
            </li>
          </ul>
          <button
            class="button default"
            data-test-repeatable-field-add-item-button="true"
            id="emails-add-button"
            type="button"
          >
            <span
              class="inner"
            >
              ui-organizations.contactInfo.actions.addEmail
            </span>
          </button>
        </fieldset>
      </div>
      <div
        class="col-xs-12"
      >
        <fieldset
          class="repeatableField hasMargin"
          data-test-repeatable-field="true"
          id="urls"
        >
          <legend
            class="headline size-medium margin-medium font-weight-bold"
            data-test-headline="true"
            data-test-repeatable-field-legend="true"
          >
            ui-organizations.contactInfo.urls
          </legend>
          <ul
            class="repeatableFieldList"
            data-test-repeatable-field-list="true"
          >
            <li
              class="repeatableFieldItem"
              data-test-repeatable-field-list-item="true"
            >
              <div
                class="repeatableFieldItemContent"
              >
                <div
                  class="card default contactInfoCard"
                >
                  <div
                    class="header default"
                    data-test-card-header="true"
                  >
                    <span
                      class="headerStart"
                      data-test-card-header-start="true"
                    >
                      <div
                        class="checkbox disabled"
                        data-test-checkbox="true"
                      >
                        <label
                          class="label label"
                          for="checkbox-12"
                        >
                          <span
                            class="inner disabledLabel"
                          >
                            <input
                              aria-invalid="false"
                              checked=""
                              class="input"
                              data-test-checkbox-is-primary="true"
                              disabled=""
                              id="checkbox-12"
                              name="urls[0].isPrimary"
                              type="checkbox"
                              value=""
                            />
                            <span
                              class="checkboxIcon"
                            >
                              <svg
                                height="10"
                                viewBox="0 0 14 14"
                                width="10"
                                xmlns="http://www.w3.org/2000/svg"
                              >
                                <path
                                  d="M10.395 4.617L5.63 9.383 3.605 7.358"
                                  fill="none"
                                  stroke-linecap="round"
                                  stroke-linejoin="round"
                                  stroke-miterlimit="10"
                                  stroke-width="1.5"
                                />
                              </svg>
                            </span>
                            <span
                              class="labelText"
                            >
                              ui-organizations.contactPeople.primaryUrl
                            </span>
                          </span>
                        </label>
                        <div
                          role="alert"
                        />
                      </div>
                    </span>
                  </div>
                  <div
                    class="body "
                    data-test-card-body="true"
                  >
                    <div
                      class="row"
                    >
                      <div
                        class="col-xs-12 col-md-3"
                        data-test-url-value="true"
                      >
                        <input
                          name="urls[0].value"
                          value="https://www.amazon.com"
                        />
                      </div>
                      <div
                        class="col-xs-12 col-md-3"
                        data-test-url-description="true"
                      >
                        <div
                          class="textField"
                        >
                          <label
                            class="label"
                            for="text-input-13"
                          >
                            ui-organizations.contactInfo.description
                          </label>
                          <div
                            class="formControl inputGroup"
                          >
                            <input
                              aria-invalid="false"
                              autocapitalize="off"
                              autocomplete="off"
                              autocorrect="off"
                              error=""
                              id="text-input-13"
                              name="urls[0].description"
                              spellcheck="false"
                              type="text"
                              value="main website"
                              warning=""
                            />
                          </div>
                          <div
                            role="alert"
                          />
                        </div>
                      </div>
                      <div
                        class="col-xs-12 col-md-3"
                        data-test-url-language="true"
                      >
                        <div
                          class="tether-target tether-enabled tether-abutted tether-abutted-left tether-abutted-right tether-abutted-top tether-abutted-bottom tether-element-attached-top tether-element-attached-center tether-target-attached-bottom tether-target-attached-center"
                          style="position: relative; width: 100%;"
                        >
                          <div
                            aria-live="assertive"
                            aria-relevant="additions"
                            class="sr-only"
                          />
                          <label
                            class="label"
                            for="stripes-selection-14"
                            id="sl-label-stripes-selection-14"
                          >
                            ui-organizations.contactInfo.language
                          </label>
                          <div
                            class="selectionControlContainer"
                          >
                            <button
                              aria-expanded="false"
                              aria-haspopup="listbox"
                              aria-labelledby="sl-label-stripes-selection-14 selected-stripes-selection-14-item"
                              aria-owns="sl-undefined"
                              class="selectionControl formControl"
                              id="stripes-selection-14"
                              name="urls[0].language"
                              type="button"
                            >
                              <span
                                class="sr-only"
                              >
                                stripes-components.selection.controlLabel
                              </span>
                              <div
                                class="singleValue"
                                id="selected-stripes-selection-14-item"
                              />
                            </button>
                            <div
                              class="selectionEndControls"
                            >
                              <div
                                class="textFieldIcon"
                              >
                                <span>
                                  Icon
                                </span>
                              </div>
                            </div>
                          </div>
                          <div
                            role="alert"
                          />
                        </div>
                      </div>
                      <div
                        class="col-xs-12 col-md-3"
                        data-test-url-category="true"
                      >
                        <div
                          class="multiSelectContainer"
                          id="multiselect-4"
                        >
                          <div
                            aria-live="assertive"
                            aria-relevant="additions"
                            class="sr-only"
                          />
                          <div
                            aria-expanded="false"
                            aria-haspopup="listbox"
                            aria-labelledby="urlFormCategoriesLabel"
                            class="multiSelectContainer"
                            role="application"
                          >
                            <label
                              class="label"
                              for="multiselect-4-input"
                              id="urlFormCategoriesLabel"
                            >
                              ui-organizations.data.contactTypes.categories
                            </label>
                            <span
                              class="sr-only"
                              id="multi-value-status-multiselect-4"
                            >
                              1 item selected
                            </span>
                            <span
                              class="sr-only"
                              id="multi-describe-control-multiselect-4"
                            >
                              stripes-components.multiSelection.controlDescription
                            </span>
                            <div
                              class="multiSelectControlWrapper"
                            >
                              <div
                                aria-describedby="multi-describe-control-multiselect-4"
                                aria-labelledby="urlFormCategoriesLabel multi-value-status-multiselect-4"
                                class="multiSelectControl formControl"
                                role="search"
                                tabindex="0"
                              >
                                <div
                                  class="multiSelectControlGroup"
                                >
                                  <div
                                    class="multiSelectValueListContainer"
                                    id="multi-values-list-multiselect-4"
                                  >
                                    <span
                                      class="sr-only"
                                      id="multi-value-multiselect-4"
                                    >
                                      stripes-components.multiSelection.removeSelectedButtonLabel
                                    </span>
                                    <span
                                      class="sr-only"
                                      id="multi-describe-action-multiselect-4"
                                    >
                                      stripes-components.multiSelection.removeSelectedButtonDescription
                                    </span>
                                    <ul
                                      class="multiSelectValueList"
                                    >
                                      <li
                                        class="valueChipRoot"
                                        id="urls[0].categories-category1-0_multiselect_selected"
                                      >
                                        <div
                                          class="valueChipGroup"
                                        >
                                          <div
                                            class="valueChipValue"
                                            id="urls[0].categories-category1-0_multiselect_selected_label"
                                          >
                                            <div
                                              class="optionSegment"
                                              data-test-selection-option-segment="true"
                                            >
                                              ui-organizations.contactInfo.vendorCategory.customerService
                                            </div>
                                          </div>
                                          <button
                                            aria-describedby="multi-describe-action-multiselect-4"
                                            aria-label="times"
                                            aria-labelledby="urls[0].categories-category1-0_multiselect_selected_label multi-value-multiselect-4"
                                            class="iconButton small"
                                            icon="times"
                                            style="padding: 0px;"
                                            type="button"
                                          >
                                            <span
                                              aria-describedby="multi-describe-action-multiselect-4"
                                              class="iconButtonInner smallOffset"
                                            >
                                              <span>
                                                Icon
                                              </span>
                                            </span>
                                          </button>
                                        </div>
                                      </li>
                                    </ul>
                                  </div>
                                  <input
                                    aria-autocomplete="list"
                                    aria-labelledby="urlFormCategoriesLabel"
                                    autocomplete="off"
                                    class="multiSelectFilterField"
                                    id="multiselect-4-input"
                                    placeholder=""
                                    type="text"
                                    value=""
                                  />
                                  <input
                                    aria-autocomplete="list"
                                    aria-hidden="true"
                                    autocomplete="off"
                                    class="multiSelectValueInput"
                                    id="multiselect-input-multiselect-4"
                                    tabindex="-1"
                                    type="text"
                                    value="urls[0].categories-category1"
                                  />
                                </div>
                                <button
                                  aria-haspopup="true"
                                  aria-label="open menu"
                                  class="multiSelectToggleButton"
                                  data-toggle="true"
                                  role="button"
                                  type="button"
                                >
                                  <div
                                    class="textFieldIcon"
                                  >
                                    <span>
                                      Icon
                                    </span>
                                  </div>
                                </button>
                              </div>
                              <div
                                class="multiSelectMenu"
                                hidden=""
                                style="width: 100px;"
                              >
                                <div
                                  class="multiSelectFeedback"
                                  role="alert"
                                />
                                <ul
                                  aria-labelledby="urlFormCategoriesLabel"
                                  class="multiSelectOptionList"
                                  id="multiselect-option-list-multiselect-4"
                                  role="listbox"
                                  style="max-height: 168px;"
                                >
                                  <li
                                    aria-selected="true"
                                    class="multiSelectOption optionCursor optionSelected"
                                    id="multiselect-4-main-item-0"
                                    role="option"
                                  >
                                    <div
                                      class="optionSegment"
                                      data-test-selection-option-segment="true"
                                    >
                                      ui-organizations.contactInfo.vendorCategory.customerService
                                    </div>
                                    <div>
                                      -
                                    </div>
                                  </li>
                                  <li
                                    aria-selected="false"
                                    class="multiSelectOption"
                                    id="multiselect-4-main-item-1"
                                    role="option"
                                  >
                                    <div
                                      class="optionSegment"
                                      data-test-selection-option-segment="true"
                                    >
                                      Custom
                                    </div>
                                    <div>
                                      +
                                    </div>
                                  </li>
                                </ul>
                              </div>
                            </div>
                          </div>
                          <div
                            role="alert"
                          />
                        </div>
                      </div>
                    </div>
                  </div>
                </div>
              </div>
              <div
                class="repeatableFieldRemoveItem "
              >
                <button
                  aria-label="stripes-components.deleteThisItem"
                  class="iconButton medium"
                  data-test-repeatable-field-remove-item-button="true"
                  icon="trash"
                  type="button"
                >
                  <span
                    class="iconButtonInner mediumOffset"
                    data-test-repeatable-field-remove-item-button="true"
                  >
                    <span>
                      Icon
                    </span>
                  </span>
                </button>
              </div>
            </li>
          </ul>
          <button
            class="button default"
            data-test-repeatable-field-add-item-button="true"
            id="urls-add-button"
            type="button"
          >
            <span
              class="inner"
            >
              ui-organizations.contactInfo.addURL
            </span>
          </button>
        </fieldset>
      </div>
    </div>
  </form>
  <div />
</DocumentFragment>
`;
